
Discarded input sections

 .text          0x00000000        0x0 C:\Users\esquerra\AppData\Local\Temp\ccAWTkIs.ltrans0.ltrans.o
 .data          0x00000000        0x0 C:\Users\esquerra\AppData\Local\Temp\ccAWTkIs.ltrans0.ltrans.o
 .bss           0x00000000        0x0 C:\Users\esquerra\AppData\Local\Temp\ccAWTkIs.ltrans0.ltrans.o
 .text.strlen   0x00000000       0x1a C:\Users\esquerra\AppData\Local\Temp\ccAWTkIs.ltrans0.ltrans.o
 .text.memset   0x00000000      0x196 C:\Users\esquerra\AppData\Local\Temp\ccAWTkIs.ltrans0.ltrans.o
 .text.memcpy   0x00000000       0x90 C:\Users\esquerra\AppData\Local\Temp\ccAWTkIs.ltrans0.ltrans.o
 .text.memmove  0x00000000       0xd4 C:\Users\esquerra\AppData\Local\Temp\ccAWTkIs.ltrans0.ltrans.o
 .comment       0x00000000       0x13 C:\Users\esquerra\AppData\Local\Temp\ccmp38R7.debug.temp.o
 .comment       0x00000000       0x13 C:\Users\esquerra\AppData\Local\Temp\ccCWX75u.debug.temp.o
 .text          0x00000000        0x0 obj/gcc8_a_support.o
 .data          0x00000000        0x0 obj/gcc8_a_support.o
 .bss           0x00000000        0x0 obj/gcc8_a_support.o
 .text.__umodsi3
                0x00000000       0x2e obj/gcc8_a_support.o
 .data          0x00000000        0x0 obj/blitter.o
 .bss           0x00000000        0x0 obj/blitter.o

Memory Configuration

Name             Origin             Length             Attributes
*default*        0x00000000         0xffffffff

Linker script and memory map

Address of section .text set to 0x0
LOAD C:\Users\esquerra\AppData\Local\Temp\ccAWTkIs.ltrans0.ltrans.o
LOAD C:\Users\esquerra\AppData\Local\Temp\ccmp38R7.debug.temp.o
LOAD C:\Users\esquerra\AppData\Local\Temp\ccCWX75u.debug.temp.o
LOAD obj/gcc8_a_support.o
LOAD obj/blitter.o
                [!provide]                        PROVIDE (__executable_start = SEGMENT_START ("text-segment", 0x80000000))
                0x80000074                        . = (SEGMENT_START ("text-segment", 0x80000000) + SIZEOF_HEADERS)

.note.gnu.build-id
 *(.note.gnu.build-id)

.interp
 *(.interp)

.hash
 *(.hash)

.gnu.hash
 *(.gnu.hash)

.dynsym
 *(.dynsym)

.dynstr
 *(.dynstr)

.gnu.version
 *(.gnu.version)

.gnu.version_d
 *(.gnu.version_d)

.gnu.version_r
 *(.gnu.version_r)

.rela.dyn       0x80000074        0x0
 *(.rela.init)
 *(.rela.text .rela.text.* .rela.gnu.linkonce.t.*)
 *(.rela.fini)
 *(.rela.rodata .rela.rodata.* .rela.gnu.linkonce.r.*)
 *(.rela.data .rela.data.* .rela.gnu.linkonce.d.*)
 *(.rela.tdata .rela.tdata.* .rela.gnu.linkonce.td.*)
 *(.rela.tbss .rela.tbss.* .rela.gnu.linkonce.tb.*)
 *(.rela.ctors)
 *(.rela.dtors)
 *(.rela.got)
 *(.rela.bss .rela.bss.* .rela.gnu.linkonce.b.*)
                [!provide]                        PROVIDE (__rela_iplt_start = .)
 *(.rela.iplt)
                [!provide]                        PROVIDE (__rela_iplt_end = .)

.rela.plt
 *(.rela.plt)

.init
 *(SORT_NONE(.init))

.plt
 *(.plt)

.iplt
 *(.iplt)

.text           0x00000000     0x4030
 *(.text.unlikely .text.*_unlikely .text.unlikely.*)
 .text.unlikely
                0x00000000       0x84 C:\Users\esquerra\AppData\Local\Temp\ccAWTkIs.ltrans0.ltrans.o
                0x00000000                _start
 *(.text.exit .text.exit.*)
 *(.text.startup .text.startup.*)
 .text.startup.main
                0x00000084     0x28a8 C:\Users\esquerra\AppData\Local\Temp\ccAWTkIs.ltrans0.ltrans.o
                0x00000084                main
 *(.text.hot .text.hot.*)
 *(SORT_BY_NAME(.text.sorted.*))
 *(.text .stub .text.* .gnu.linkonce.t.*)
 .text.SupervisorGetVBR
                0x0000292c        0x6 C:\Users\esquerra\AppData\Local\Temp\ccAWTkIs.ltrans0.ltrans.o
 .text.WaitVbl  0x00002932       0xc2 C:\Users\esquerra\AppData\Local\Temp\ccAWTkIs.ltrans0.ltrans.o
 .text.ParallaxInitWalls
                0x000029f4       0x4c C:\Users\esquerra\AppData\Local\Temp\ccAWTkIs.ltrans0.ltrans.o
 .text.ResetGameSession
                0x00002a40      0x26c C:\Users\esquerra\AppData\Local\Temp\ccAWTkIs.ltrans0.ltrans.o
 .text.SpawnBoss.isra.0
                0x00002cac      0x23c C:\Users\esquerra\AppData\Local\Temp\ccAWTkIs.ltrans0.ltrans.o
 .text.VBlankHandler
                0x00002ee8       0x3c C:\Users\esquerra\AppData\Local\Temp\ccAWTkIs.ltrans0.ltrans.o
 .text.BuildCopperList.isra.0
                0x00002f24      0x1e0 C:\Users\esquerra\AppData\Local\Temp\ccAWTkIs.ltrans0.ltrans.o
 .text.DrawBob16.part.0
                0x00003104      0x6ae C:\Users\esquerra\AppData\Local\Temp\ccAWTkIs.ltrans0.ltrans.o
 .text.DrawBob32.part.0.constprop.0
                0x000037b2      0x494 C:\Users\esquerra\AppData\Local\Temp\ccAWTkIs.ltrans0.ltrans.o
 .text.KPrintF  0x00003c46       0x72 C:\Users\esquerra\AppData\Local\Temp\ccAWTkIs.ltrans0.ltrans.o
 .text.__mulsi3
                0x00003cb8       0x22 obj/gcc8_a_support.o
                0x00003cb8                __mulsi3
 .text.__udivsi3
                0x00003cda       0x5c obj/gcc8_a_support.o
                0x00003cda                __udivsi3
 .text.__divsi3
                0x00003d36       0x2e obj/gcc8_a_support.o
                0x00003d36                __divsi3
 .text.__modsi3
                0x00003d64       0x2e obj/gcc8_a_support.o
                0x00003d64                __modsi3
 .text.KPutCharX
                0x00003d92        0xe obj/gcc8_a_support.o
                0x00003d92                KPutCharX
 .text.PutChar  0x00003da0        0x4 obj/gcc8_a_support.o
                0x00003da0                PutChar
 .text          0x00003da4      0x28c obj/blitter.o
                0x00003da4                WaitBlitter
                0x00003dbe                BlitterClear
                0x00003e42                BlitterClearArea
                0x00003eac                ClearGameAreaAsm
                0x00003eee                ClearAndParallaxAsm
 *(.gnu.warning)

.fini
 *(SORT_NONE(.fini))
                [!provide]                        PROVIDE (__etext = .)
                [!provide]                        PROVIDE (_etext = .)
                [!provide]                        PROVIDE (etext = .)

.rodata         0x00004030      0x68e
 *(.rodata .rodata.* .gnu.linkonce.r.*)
 .rodata        0x00004030       0x61 C:\Users\esquerra\AppData\Local\Temp\ccAWTkIs.ltrans0.ltrans.o
 *fill*         0x00004091        0x1 
 .rodata.SHIP_W_PLANE3
                0x00004092       0x60 C:\Users\esquerra\AppData\Local\Temp\ccAWTkIs.ltrans0.ltrans.o
 .rodata.SHIP_W_PLANE2
                0x000040f2       0x60 C:\Users\esquerra\AppData\Local\Temp\ccAWTkIs.ltrans0.ltrans.o
 .rodata.SHIP_W_PLANE1
                0x00004152       0x60 C:\Users\esquerra\AppData\Local\Temp\ccAWTkIs.ltrans0.ltrans.o
 .rodata.SHIP_W_PLANE0
                0x000041b2       0x60 C:\Users\esquerra\AppData\Local\Temp\ccAWTkIs.ltrans0.ltrans.o
 .rodata.g_Exp3Mask
                0x00004212       0x20 C:\Users\esquerra\AppData\Local\Temp\ccAWTkIs.ltrans0.ltrans.o
 .rodata.g_Exp2Mask
                0x00004232       0x20 C:\Users\esquerra\AppData\Local\Temp\ccAWTkIs.ltrans0.ltrans.o
 .rodata.g_Exp1Mask
                0x00004252       0x20 C:\Users\esquerra\AppData\Local\Temp\ccAWTkIs.ltrans0.ltrans.o
 .rodata.g_Exp0Mask
                0x00004272       0x20 C:\Users\esquerra\AppData\Local\Temp\ccAWTkIs.ltrans0.ltrans.o
 .rodata.g_Exp3Data
                0x00004292       0x20 C:\Users\esquerra\AppData\Local\Temp\ccAWTkIs.ltrans0.ltrans.o
 .rodata.g_Exp2Data
                0x000042b2       0x20 C:\Users\esquerra\AppData\Local\Temp\ccAWTkIs.ltrans0.ltrans.o
 .rodata.g_Exp1Data
                0x000042d2       0x20 C:\Users\esquerra\AppData\Local\Temp\ccAWTkIs.ltrans0.ltrans.o
 .rodata.g_Exp0Data
                0x000042f2       0x20 C:\Users\esquerra\AppData\Local\Temp\ccAWTkIs.ltrans0.ltrans.o
 .rodata.g_EnemyBomberMask
                0x00004312       0x18 C:\Users\esquerra\AppData\Local\Temp\ccAWTkIs.ltrans0.ltrans.o
 .rodata.g_EnemyDiverMask
                0x0000432a       0x18 C:\Users\esquerra\AppData\Local\Temp\ccAWTkIs.ltrans0.ltrans.o
 .rodata.g_EnemyHeavyMask
                0x00004342       0x18 C:\Users\esquerra\AppData\Local\Temp\ccAWTkIs.ltrans0.ltrans.o
 .rodata.g_EnemyFastMask
                0x0000435a       0x18 C:\Users\esquerra\AppData\Local\Temp\ccAWTkIs.ltrans0.ltrans.o
 .rodata.g_EnemyBasicMask
                0x00004372       0x18 C:\Users\esquerra\AppData\Local\Temp\ccAWTkIs.ltrans0.ltrans.o
 .rodata.g_EnemyBomberData
                0x0000438a       0x18 C:\Users\esquerra\AppData\Local\Temp\ccAWTkIs.ltrans0.ltrans.o
 .rodata.g_EnemyDiverData
                0x000043a2       0x18 C:\Users\esquerra\AppData\Local\Temp\ccAWTkIs.ltrans0.ltrans.o
 .rodata.g_EnemyHeavyData
                0x000043ba       0x18 C:\Users\esquerra\AppData\Local\Temp\ccAWTkIs.ltrans0.ltrans.o
 .rodata.g_EnemyFastData
                0x000043d2       0x18 C:\Users\esquerra\AppData\Local\Temp\ccAWTkIs.ltrans0.ltrans.o
 .rodata.g_EnemyBasicData
                0x000043ea       0x18 C:\Users\esquerra\AppData\Local\Temp\ccAWTkIs.ltrans0.ltrans.o
 .rodata.SHIP_W_MASK
                0x00004402       0x60 C:\Users\esquerra\AppData\Local\Temp\ccAWTkIs.ltrans0.ltrans.o
 .rodata.g_ExpMasks
                0x00004462       0x10 C:\Users\esquerra\AppData\Local\Temp\ccAWTkIs.ltrans0.ltrans.o
 .rodata.g_ExpData
                0x00004472       0x10 C:\Users\esquerra\AppData\Local\Temp\ccAWTkIs.ltrans0.ltrans.o
 .rodata.g_EShotData
                0x00004482       0x10 C:\Users\esquerra\AppData\Local\Temp\ccAWTkIs.ltrans0.ltrans.o
 .rodata.g_EShotMask
                0x00004492       0x10 C:\Users\esquerra\AppData\Local\Temp\ccAWTkIs.ltrans0.ltrans.o
 .rodata.g_ShotData
                0x000044a2       0x10 C:\Users\esquerra\AppData\Local\Temp\ccAWTkIs.ltrans0.ltrans.o
 .rodata.g_ShotMask
                0x000044b2       0x10 C:\Users\esquerra\AppData\Local\Temp\ccAWTkIs.ltrans0.ltrans.o
 .rodata.g_EnemyMasks
                0x000044c2       0x14 C:\Users\esquerra\AppData\Local\Temp\ccAWTkIs.ltrans0.ltrans.o
 .rodata.g_EnemyDatas
                0x000044d6       0x14 C:\Users\esquerra\AppData\Local\Temp\ccAWTkIs.ltrans0.ltrans.o
 .rodata.g_EnemyColor
                0x000044ea        0x5 C:\Users\esquerra\AppData\Local\Temp\ccAWTkIs.ltrans0.ltrans.o
 *fill*         0x000044ef        0x1 
 .rodata.g_EnemyRows
                0x000044f0        0xa C:\Users\esquerra\AppData\Local\Temp\ccAWTkIs.ltrans0.ltrans.o
 .rodata.g_BossRedData
                0x000044fa       0x60 C:\Users\esquerra\AppData\Local\Temp\ccAWTkIs.ltrans0.ltrans.o
 .rodata.g_BossWhiteData
                0x0000455a       0x60 C:\Users\esquerra\AppData\Local\Temp\ccAWTkIs.ltrans0.ltrans.o
 .rodata.g_BossMask
                0x000045ba       0x60 C:\Users\esquerra\AppData\Local\Temp\ccAWTkIs.ltrans0.ltrans.o
 .rodata.g_Levels
                0x0000461a       0x64 C:\Users\esquerra\AppData\Local\Temp\ccAWTkIs.ltrans0.ltrans.o
 .rodata.g_Palette
                0x0000467e       0x40 C:\Users\esquerra\AppData\Local\Temp\ccAWTkIs.ltrans0.ltrans.o

.rodata1
 *(.rodata1)

.eh_frame_hdr
 *(.eh_frame_hdr)
 *(.eh_frame_entry .eh_frame_entry.*)

.eh_frame
 *(.eh_frame)
 *(.eh_frame.*)

.sframe
 *(.sframe)
 *(.sframe.*)

.gcc_except_table
 *(.gcc_except_table .gcc_except_table.*)

.gnu_extab
 *(.gnu_extab*)

.exception_ranges
 *(.exception_ranges*)

.note.build-id
 *(.note.build-id)

.note.GNU-stack
 *(.note.GNU-stack)

.note.gnu-property
 *(.note.gnu-property)

.note.ABI-tag
 *(.note.ABI-tag)

.note.package
 *(.note.package)

.note.dlopen
 *(.note.dlopen)

.note.netbsd.ident
 *(.note.netbsd.ident)

.note.openbsd.ident
 *(.note.openbsd.ident)
                0x000066be                        . = DATA_SEGMENT_ALIGN (CONSTANT (MAXPAGESIZE), CONSTANT (COMMONPAGESIZE))

.eh_frame
 *(.eh_frame)
 *(.eh_frame.*)

.sframe
 *(.sframe)
 *(.sframe.*)

.gnu_extab
 *(.gnu_extab)

.gcc_except_table
 *(.gcc_except_table .gcc_except_table.*)

.exception_ranges
 *(.exception_ranges*)

.tdata          0x000066be        0x0
                [!provide]                        PROVIDE (__tdata_start = .)
 *(.tdata .tdata.* .gnu.linkonce.td.*)

.tbss
 *(.tbss .tbss.* .gnu.linkonce.tb.*)
 *(.tcommon)

.preinit_array  0x000066be        0x0
                0x000066be                        PROVIDE (__preinit_array_start = .)
 *(.preinit_array)
                0x000066be                        PROVIDE (__preinit_array_end = .)

.init_array     0x000066be        0x0
                0x000066be                        PROVIDE (__init_array_start = .)
 *(SORT_BY_INIT_PRIORITY(.init_array.*) SORT_BY_INIT_PRIORITY(.ctors.*))
 *(.init_array EXCLUDE_FILE(*crtend?.o *crtend.o *crtbegin?.o *crtbegin.o) .ctors)
                0x000066be                        PROVIDE (__init_array_end = .)

.fini_array     0x000066be        0x0
                0x000066be                        PROVIDE (__fini_array_start = .)
 *(SORT_BY_INIT_PRIORITY(.fini_array.*) SORT_BY_INIT_PRIORITY(.dtors.*))
 *(.fini_array EXCLUDE_FILE(*crtend?.o *crtend.o *crtbegin?.o *crtbegin.o) .dtors)
                0x000066be                        PROVIDE (__fini_array_end = .)

.ctors
 *crtbegin.o(.ctors)
 *crtbegin?.o(.ctors)
 *(EXCLUDE_FILE(*crtend?.o *crtend.o) .ctors)
 *(SORT_BY_NAME(.ctors.*))
 *(.ctors)

.dtors
 *crtbegin.o(.dtors)
 *crtbegin?.o(.dtors)
 *(EXCLUDE_FILE(*crtend?.o *crtend.o) .dtors)
 *(SORT_BY_NAME(.dtors.*))
 *(.dtors)

.jcr
 *(.jcr)

.data.rel.ro
 *(.data.rel.ro.local* .gnu.linkonce.d.rel.ro.local.*)
 *(.data.rel.ro .data.rel.ro.* .gnu.linkonce.d.rel.ro.*)

.dynamic
 *(.dynamic)
                0x000066be                        . = DATA_SEGMENT_RELRO_END (., 0x0)

.got
 *(.got.plt)
 *(.igot.plt)
 *(.got)
 *(.igot)

.data           0x000066be        0xa
 *(.data .data.* .gnu.linkonce.d.*)
 .data.g_GameState
                0x000066be        0x2 C:\Users\esquerra\AppData\Local\Temp\ccAWTkIs.ltrans0.ltrans.o
 .data.g_SpawnTimer
                0x000066c0        0x2 C:\Users\esquerra\AppData\Local\Temp\ccAWTkIs.ltrans0.ltrans.o
 .data.g_NextLifeAt
                0x000066c2        0x2 C:\Users\esquerra\AppData\Local\Temp\ccAWTkIs.ltrans0.ltrans.o
 .data.g_Level  0x000066c4        0x2 C:\Users\esquerra\AppData\Local\Temp\ccAWTkIs.ltrans0.ltrans.o
 .data.g_Lives  0x000066c6        0x2 C:\Users\esquerra\AppData\Local\Temp\ccAWTkIs.ltrans0.ltrans.o

.data1
 *(.data1)
                0x000066c8                        _edata = .
                [!provide]                        PROVIDE (edata = .)
                0x000066c8                        . = ALIGN (ALIGNOF (NEXT_SECTION))
                0x000066c8                        __bss_start = .

.bss            0x000066c8      0x334
 *(.dynbss)
 *(.bss .bss.* .gnu.linkonce.b.*)
 .bss.g_TileDeco
                0x000066c8       0x80 C:\Users\esquerra\AppData\Local\Temp\ccAWTkIs.ltrans0.ltrans.o
 .bss.g_TileSolid
                0x00006748       0x80 C:\Users\esquerra\AppData\Local\Temp\ccAWTkIs.ltrans0.ltrans.o
 .bss.ActiView  0x000067c8        0x4 C:\Users\esquerra\AppData\Local\Temp\ccAWTkIs.ltrans0.ltrans.o
 .bss.SystemADKCON
                0x000067cc        0x2 C:\Users\esquerra\AppData\Local\Temp\ccAWTkIs.ltrans0.ltrans.o
 .bss.SystemDMA
                0x000067ce        0x2 C:\Users\esquerra\AppData\Local\Temp\ccAWTkIs.ltrans0.ltrans.o
 .bss.SystemInts
                0x000067d0        0x2 C:\Users\esquerra\AppData\Local\Temp\ccAWTkIs.ltrans0.ltrans.o
 .bss.SystemIrq
                0x000067d2        0x4 C:\Users\esquerra\AppData\Local\Temp\ccAWTkIs.ltrans0.ltrans.o
 .bss.g_WaveTotal
                0x000067d6        0x2 C:\Users\esquerra\AppData\Local\Temp\ccAWTkIs.ltrans0.ltrans.o
 .bss.g_ParScroll
                0x000067d8        0x8 C:\Users\esquerra\AppData\Local\Temp\ccAWTkIs.ltrans0.ltrans.o
 .bss.VBR       0x000067e0        0x4 C:\Users\esquerra\AppData\Local\Temp\ccAWTkIs.ltrans0.ltrans.o
 .bss.DOSBase   0x000067e4        0x4 C:\Users\esquerra\AppData\Local\Temp\ccAWTkIs.ltrans0.ltrans.o
 .bss.GfxBase   0x000067e8        0x4 C:\Users\esquerra\AppData\Local\Temp\ccAWTkIs.ltrans0.ltrans.o
 .bss.SysBase   0x000067ec        0x4 C:\Users\esquerra\AppData\Local\Temp\ccAWTkIs.ltrans0.ltrans.o
 .bss.g_FrameCounter
                0x000067f0        0x2 C:\Users\esquerra\AppData\Local\Temp\ccAWTkIs.ltrans0.ltrans.o
 .bss.g_PendingCop
                0x000067f2        0x4 C:\Users\esquerra\AppData\Local\Temp\ccAWTkIs.ltrans0.ltrans.o
 .bss.custom    0x000067f6        0x4 C:\Users\esquerra\AppData\Local\Temp\ccAWTkIs.ltrans0.ltrans.o
 *fill*         0x000067fa        0x2 
 .bss.g_Stars3  0x000067fc       0x38 C:\Users\esquerra\AppData\Local\Temp\ccAWTkIs.ltrans0.ltrans.o
 .bss.g_Stars2  0x00006834       0x30 C:\Users\esquerra\AppData\Local\Temp\ccAWTkIs.ltrans0.ltrans.o
 .bss.g_Stars1  0x00006864       0x28 C:\Users\esquerra\AppData\Local\Temp\ccAWTkIs.ltrans0.ltrans.o
 .bss.g_FireCooldown
                0x0000688c        0x2 C:\Users\esquerra\AppData\Local\Temp\ccAWTkIs.ltrans0.ltrans.o
 .bss.g_Shots   0x0000688e       0x18 C:\Users\esquerra\AppData\Local\Temp\ccAWTkIs.ltrans0.ltrans.o
 .bss.g_ShipExplTimer
                0x000068a6        0x2 C:\Users\esquerra\AppData\Local\Temp\ccAWTkIs.ltrans0.ltrans.o
 .bss.g_ShipExploding
                0x000068a8        0x2 C:\Users\esquerra\AppData\Local\Temp\ccAWTkIs.ltrans0.ltrans.o
 .bss.g_ShipY   0x000068aa        0x2 C:\Users\esquerra\AppData\Local\Temp\ccAWTkIs.ltrans0.ltrans.o
 .bss.g_ShipX   0x000068ac        0x2 C:\Users\esquerra\AppData\Local\Temp\ccAWTkIs.ltrans0.ltrans.o
 .bss.g_WaveKilled
                0x000068ae        0x2 C:\Users\esquerra\AppData\Local\Temp\ccAWTkIs.ltrans0.ltrans.o
 .bss.g_WaveSpawned
                0x000068b0        0x2 C:\Users\esquerra\AppData\Local\Temp\ccAWTkIs.ltrans0.ltrans.o
 .bss.g_WaveActive
                0x000068b2        0x2 C:\Users\esquerra\AppData\Local\Temp\ccAWTkIs.ltrans0.ltrans.o
 .bss.g_Explosions
                0x000068b4       0x3c C:\Users\esquerra\AppData\Local\Temp\ccAWTkIs.ltrans0.ltrans.o
 .bss.g_EnemyShots
                0x000068f0       0x78 C:\Users\esquerra\AppData\Local\Temp\ccAWTkIs.ltrans0.ltrans.o
 .bss.g_Enemies
                0x00006968       0x90 C:\Users\esquerra\AppData\Local\Temp\ccAWTkIs.ltrans0.ltrans.o
 .bss.g_Score   0x000069f8        0x2 C:\Users\esquerra\AppData\Local\Temp\ccAWTkIs.ltrans0.ltrans.o
 *(COMMON)
                0x000069fc                        . = ALIGN ((. != 0x0)?0x4:0x1)
 *fill*         0x000069fa        0x2 
                0x000069fc                        . = ALIGN (0x4)
                0x000069fc                        . = SEGMENT_START ("ldata-segment", .)
                0x000069fc                        . = ALIGN (0x4)
                0x000069fc                        _end = .
                [!provide]                        PROVIDE (end = .)
                0x000069fc                        . = DATA_SEGMENT_END (.)

.stab
 *(.stab)

.stabstr
 *(.stabstr)

.stab.excl
 *(.stab.excl)

.stab.exclstr
 *(.stab.exclstr)

.stab.index
 *(.stab.index)

.stab.indexstr
 *(.stab.indexstr)

.comment        0x00000000       0x12
 *(.comment)
 .comment       0x00000000       0x12 C:\Users\esquerra\AppData\Local\Temp\ccAWTkIs.ltrans0.ltrans.o
                                 0x13 (size before relaxing)

.gnu.build.attributes
 *(.gnu.build.attributes .gnu.build.attributes.*)

.debug
 *(.debug)

.line
 *(.line)

.debug_srcinfo
 *(.debug_srcinfo)

.debug_sfnames
 *(.debug_sfnames)

.debug_aranges  0x00000000      0x108
 *(.debug_aranges)
 .debug_aranges
                0x00000000       0x98 C:\Users\esquerra\AppData\Local\Temp\ccAWTkIs.ltrans0.ltrans.o
 .debug_aranges
                0x00000098       0x50 obj/gcc8_a_support.o
 .debug_aranges
                0x000000e8       0x20 obj/blitter.o

.debug_pubnames
 *(.debug_pubnames)

.debug_info     0x00000000     0x99e9
 *(.debug_info .gnu.linkonce.wi.*)
 .debug_info    0x00000000     0x2e4b C:\Users\esquerra\AppData\Local\Temp\ccAWTkIs.ltrans0.ltrans.o
 .debug_info    0x00002e4b     0x5def C:\Users\esquerra\AppData\Local\Temp\ccmp38R7.debug.temp.o
                0x00002e4b                main.c.0a502e63
 .debug_info    0x00008c3a      0xd04 C:\Users\esquerra\AppData\Local\Temp\ccCWX75u.debug.temp.o
                0x00008c3a                gcc8_c_support.c.52835f3b
 .debug_info    0x0000993e       0x85 obj/gcc8_a_support.o
 .debug_info    0x000099c3       0x26 obj/blitter.o

.debug_abbrev   0x00000000      0x866
 *(.debug_abbrev)
 .debug_abbrev  0x00000000      0x29f C:\Users\esquerra\AppData\Local\Temp\ccAWTkIs.ltrans0.ltrans.o
 .debug_abbrev  0x0000029f      0x332 C:\Users\esquerra\AppData\Local\Temp\ccmp38R7.debug.temp.o
 .debug_abbrev  0x000005d1      0x262 C:\Users\esquerra\AppData\Local\Temp\ccCWX75u.debug.temp.o
 .debug_abbrev  0x00000833       0x1f obj/gcc8_a_support.o
 .debug_abbrev  0x00000852       0x14 obj/blitter.o

.debug_line     0x00000000     0x7fe4
 *(.debug_line .debug_line.* .debug_line_end)
 .debug_line    0x00000000     0x76d7 C:\Users\esquerra\AppData\Local\Temp\ccAWTkIs.ltrans0.ltrans.o
 .debug_line    0x000076d7      0x536 C:\Users\esquerra\AppData\Local\Temp\ccmp38R7.debug.temp.o
 .debug_line    0x00007c0d      0x1af C:\Users\esquerra\AppData\Local\Temp\ccCWX75u.debug.temp.o
 .debug_line    0x00007dbc      0x11b obj/gcc8_a_support.o
 .debug_line    0x00007ed7      0x10d obj/blitter.o

.debug_frame    0x00000000      0xa3c
 *(.debug_frame)
 .debug_frame   0x00000000      0x970 C:\Users\esquerra\AppData\Local\Temp\ccAWTkIs.ltrans0.ltrans.o
 .debug_frame   0x00000970       0xcc obj/gcc8_a_support.o

.debug_str      0x00000000      0x2eb
 *(.debug_str)
 .debug_str     0x00000000        0x9 C:\Users\esquerra\AppData\Local\Temp\ccAWTkIs.ltrans0.ltrans.o
 .debug_str     0x00000009      0x19a C:\Users\esquerra\AppData\Local\Temp\ccmp38R7.debug.temp.o
 .debug_str     0x000001a3       0x8a C:\Users\esquerra\AppData\Local\Temp\ccCWX75u.debug.temp.o
 .debug_str     0x0000022d       0xbe obj/gcc8_a_support.o
                                 0x9b (size before relaxing)
 .debug_str     0x000002eb       0x4b obj/blitter.o

.debug_loc
 *(.debug_loc)

.debug_macinfo
 *(.debug_macinfo)

.debug_weaknames
 *(.debug_weaknames)

.debug_funcnames
 *(.debug_funcnames)

.debug_typenames
 *(.debug_typenames)

.debug_varnames
 *(.debug_varnames)

.debug_pubtypes
 *(.debug_pubtypes)

.debug_ranges   0x00000000       0x48
 *(.debug_ranges)
 .debug_ranges  0x00000000       0x48 obj/gcc8_a_support.o

.debug_addr
 *(.debug_addr)

.debug_line_str
 *(.debug_line_str)

.debug_loclists
                0x00000000     0x5abf
 *(.debug_loclists)
 .debug_loclists
                0x00000000     0x5abf C:\Users\esquerra\AppData\Local\Temp\ccAWTkIs.ltrans0.ltrans.o

.debug_macro
 *(.debug_macro)

.debug_names
 *(.debug_names)

.debug_rnglists
                0x00000000      0xa68
 *(.debug_rnglists)
 .debug_rnglists
                0x00000000      0xa68 C:\Users\esquerra\AppData\Local\Temp\ccAWTkIs.ltrans0.ltrans.o

.debug_str_offsets
 *(.debug_str_offsets)

.debug_sup
 *(.debug_sup)

.gnu.attributes
 *(.gnu.attributes)

/DISCARD/
 *(.note.GNU-stack)
 *(.gnu_debuglink)
 *(.gnu.lto_*)
 *(.gnu_object_only)
OUTPUT(out/a.elf elf32-m68k)
