
Discarded input sections

 .text          0x00000000        0x0 C:\Users\esquerra\AppData\Local\Temp\ccSTkrm2.ltrans0.ltrans.o
 .data          0x00000000        0x0 C:\Users\esquerra\AppData\Local\Temp\ccSTkrm2.ltrans0.ltrans.o
 .bss           0x00000000        0x0 C:\Users\esquerra\AppData\Local\Temp\ccSTkrm2.ltrans0.ltrans.o
 .text.strlen   0x00000000       0x1a C:\Users\esquerra\AppData\Local\Temp\ccSTkrm2.ltrans0.ltrans.o
 .text.memcpy   0x00000000       0x90 C:\Users\esquerra\AppData\Local\Temp\ccSTkrm2.ltrans0.ltrans.o
 .text.memmove  0x00000000       0xd4 C:\Users\esquerra\AppData\Local\Temp\ccSTkrm2.ltrans0.ltrans.o
 .comment       0x00000000       0x13 C:\Users\esquerra\AppData\Local\Temp\ccCiBhPW.debug.temp.o
 .comment       0x00000000       0x13 C:\Users\esquerra\AppData\Local\Temp\ccaIGecY.debug.temp.o
 .text          0x00000000        0x0 obj/gcc8_a_support.o
 .data          0x00000000        0x0 obj/gcc8_a_support.o
 .bss           0x00000000        0x0 obj/gcc8_a_support.o
 .text.__umodsi3
                0x00000000       0x2e obj/gcc8_a_support.o

Memory Configuration

Name             Origin             Length             Attributes
*default*        0x00000000         0xffffffff

Linker script and memory map

Address of section .text set to 0x0
LOAD C:\Users\esquerra\AppData\Local\Temp\ccSTkrm2.ltrans0.ltrans.o
LOAD C:\Users\esquerra\AppData\Local\Temp\ccCiBhPW.debug.temp.o
LOAD C:\Users\esquerra\AppData\Local\Temp\ccaIGecY.debug.temp.o
LOAD obj/gcc8_a_support.o
                [!provide]                        PROVIDE (__executable_start = SEGMENT_START ("text-segment", 0x80000000))
                0x80000074                        . = (SEGMENT_START ("text-segment", 0x80000000) + SIZEOF_HEADERS)

.note.gnu.build-id
 *(.note.gnu.build-id)

.interp
 *(.interp)

.hash
 *(.hash)

.gnu.hash
 *(.gnu.hash)

.dynsym
 *(.dynsym)

.dynstr
 *(.dynstr)

.gnu.version
 *(.gnu.version)

.gnu.version_d
 *(.gnu.version_d)

.gnu.version_r
 *(.gnu.version_r)

.rela.dyn       0x80000074        0x0
 *(.rela.init)
 *(.rela.text .rela.text.* .rela.gnu.linkonce.t.*)
 *(.rela.fini)
 *(.rela.rodata .rela.rodata.* .rela.gnu.linkonce.r.*)
 *(.rela.data .rela.data.* .rela.gnu.linkonce.d.*)
 *(.rela.tdata .rela.tdata.* .rela.gnu.linkonce.td.*)
 *(.rela.tbss .rela.tbss.* .rela.gnu.linkonce.tb.*)
 *(.rela.ctors)
 *(.rela.dtors)
 *(.rela.got)
 *(.rela.bss .rela.bss.* .rela.gnu.linkonce.b.*)
                [!provide]                        PROVIDE (__rela_iplt_start = .)
 *(.rela.iplt)
                [!provide]                        PROVIDE (__rela_iplt_end = .)

.rela.plt
 *(.rela.plt)

.init
 *(SORT_NONE(.init))

.plt
 *(.plt)

.iplt
 *(.iplt)

.text           0x00000000     0x3f24
 *(.text.unlikely .text.*_unlikely .text.unlikely.*)
 .text.unlikely
                0x00000000       0x84 C:\Users\esquerra\AppData\Local\Temp\ccSTkrm2.ltrans0.ltrans.o
                0x00000000                _start
 *(.text.exit .text.exit.*)
 *(.text.startup .text.startup.*)
 .text.startup.main
                0x00000084     0x28ae C:\Users\esquerra\AppData\Local\Temp\ccSTkrm2.ltrans0.ltrans.o
                0x00000084                main
 *(.text.hot .text.hot.*)
 *(SORT_BY_NAME(.text.sorted.*))
 *(.text .stub .text.* .gnu.linkonce.t.*)
 .text.SupervisorGetVBR
                0x00002932        0x6 C:\Users\esquerra\AppData\Local\Temp\ccSTkrm2.ltrans0.ltrans.o
 .text.WaitVbl  0x00002938       0xc2 C:\Users\esquerra\AppData\Local\Temp\ccSTkrm2.ltrans0.ltrans.o
 .text.ResetGameSession
                0x000029fa      0x272 C:\Users\esquerra\AppData\Local\Temp\ccSTkrm2.ltrans0.ltrans.o
 .text.SpawnBoss.isra.0
                0x00002c6c      0x23c C:\Users\esquerra\AppData\Local\Temp\ccSTkrm2.ltrans0.ltrans.o
 .text.VBlankHandler
                0x00002ea8       0x3c C:\Users\esquerra\AppData\Local\Temp\ccSTkrm2.ltrans0.ltrans.o
 .text.BuildCopperList.isra.0
                0x00002ee4      0x20a C:\Users\esquerra\AppData\Local\Temp\ccSTkrm2.ltrans0.ltrans.o
 .text.DrawBob16.part.0
                0x000030ee      0x6ae C:\Users\esquerra\AppData\Local\Temp\ccSTkrm2.ltrans0.ltrans.o
 .text.DrawBob32.part.0.constprop.0
                0x0000379c      0x494 C:\Users\esquerra\AppData\Local\Temp\ccSTkrm2.ltrans0.ltrans.o
 .text.KPrintF  0x00003c30       0x72 C:\Users\esquerra\AppData\Local\Temp\ccSTkrm2.ltrans0.ltrans.o
 .text.memset   0x00003ca2      0x196 C:\Users\esquerra\AppData\Local\Temp\ccSTkrm2.ltrans0.ltrans.o
                0x00003ca2                memset
 .text.__mulsi3
                0x00003e38       0x22 obj/gcc8_a_support.o
                0x00003e38                __mulsi3
 .text.__udivsi3
                0x00003e5a       0x5c obj/gcc8_a_support.o
                0x00003e5a                __udivsi3
 .text.__divsi3
                0x00003eb6       0x2e obj/gcc8_a_support.o
                0x00003eb6                __divsi3
 .text.__modsi3
                0x00003ee4       0x2e obj/gcc8_a_support.o
                0x00003ee4                __modsi3
 .text.KPutCharX
                0x00003f12        0xe obj/gcc8_a_support.o
                0x00003f12                KPutCharX
 .text.PutChar  0x00003f20        0x4 obj/gcc8_a_support.o
                0x00003f20                PutChar
 *(.gnu.warning)

.fini
 *(SORT_NONE(.fini))
                [!provide]                        PROVIDE (__etext = .)
                [!provide]                        PROVIDE (_etext = .)
                [!provide]                        PROVIDE (etext = .)

.rodata         0x00003f24      0x78e
 *(.rodata .rodata.* .gnu.linkonce.r.*)
 .rodata        0x00003f24       0x61 C:\Users\esquerra\AppData\Local\Temp\ccSTkrm2.ltrans0.ltrans.o
 *fill*         0x00003f85        0x1 
 .rodata.SHIP_W_PLANE3
                0x00003f86       0x60 C:\Users\esquerra\AppData\Local\Temp\ccSTkrm2.ltrans0.ltrans.o
 .rodata.SHIP_W_PLANE2
                0x00003fe6       0x60 C:\Users\esquerra\AppData\Local\Temp\ccSTkrm2.ltrans0.ltrans.o
 .rodata.SHIP_W_PLANE1
                0x00004046       0x60 C:\Users\esquerra\AppData\Local\Temp\ccSTkrm2.ltrans0.ltrans.o
 .rodata.SHIP_W_PLANE0
                0x000040a6       0x60 C:\Users\esquerra\AppData\Local\Temp\ccSTkrm2.ltrans0.ltrans.o
 .rodata.g_Exp3Mask
                0x00004106       0x20 C:\Users\esquerra\AppData\Local\Temp\ccSTkrm2.ltrans0.ltrans.o
 .rodata.g_Exp2Mask
                0x00004126       0x20 C:\Users\esquerra\AppData\Local\Temp\ccSTkrm2.ltrans0.ltrans.o
 .rodata.g_Exp1Mask
                0x00004146       0x20 C:\Users\esquerra\AppData\Local\Temp\ccSTkrm2.ltrans0.ltrans.o
 .rodata.g_Exp0Mask
                0x00004166       0x20 C:\Users\esquerra\AppData\Local\Temp\ccSTkrm2.ltrans0.ltrans.o
 .rodata.g_Exp3Data
                0x00004186       0x20 C:\Users\esquerra\AppData\Local\Temp\ccSTkrm2.ltrans0.ltrans.o
 .rodata.g_Exp2Data
                0x000041a6       0x20 C:\Users\esquerra\AppData\Local\Temp\ccSTkrm2.ltrans0.ltrans.o
 .rodata.g_Exp1Data
                0x000041c6       0x20 C:\Users\esquerra\AppData\Local\Temp\ccSTkrm2.ltrans0.ltrans.o
 .rodata.g_Exp0Data
                0x000041e6       0x20 C:\Users\esquerra\AppData\Local\Temp\ccSTkrm2.ltrans0.ltrans.o
 .rodata.g_EnemyBomberMask
                0x00004206       0x18 C:\Users\esquerra\AppData\Local\Temp\ccSTkrm2.ltrans0.ltrans.o
 .rodata.g_EnemyDiverMask
                0x0000421e       0x18 C:\Users\esquerra\AppData\Local\Temp\ccSTkrm2.ltrans0.ltrans.o
 .rodata.g_EnemyHeavyMask
                0x00004236       0x18 C:\Users\esquerra\AppData\Local\Temp\ccSTkrm2.ltrans0.ltrans.o
 .rodata.g_EnemyFastMask
                0x0000424e       0x18 C:\Users\esquerra\AppData\Local\Temp\ccSTkrm2.ltrans0.ltrans.o
 .rodata.g_EnemyBasicMask
                0x00004266       0x18 C:\Users\esquerra\AppData\Local\Temp\ccSTkrm2.ltrans0.ltrans.o
 .rodata.g_EnemyBomberData
                0x0000427e       0x18 C:\Users\esquerra\AppData\Local\Temp\ccSTkrm2.ltrans0.ltrans.o
 .rodata.g_EnemyDiverData
                0x00004296       0x18 C:\Users\esquerra\AppData\Local\Temp\ccSTkrm2.ltrans0.ltrans.o
 .rodata.g_EnemyHeavyData
                0x000042ae       0x18 C:\Users\esquerra\AppData\Local\Temp\ccSTkrm2.ltrans0.ltrans.o
 .rodata.g_EnemyFastData
                0x000042c6       0x18 C:\Users\esquerra\AppData\Local\Temp\ccSTkrm2.ltrans0.ltrans.o
 .rodata.g_EnemyBasicData
                0x000042de       0x18 C:\Users\esquerra\AppData\Local\Temp\ccSTkrm2.ltrans0.ltrans.o
 .rodata.SHIP_W_MASK
                0x000042f6       0x60 C:\Users\esquerra\AppData\Local\Temp\ccSTkrm2.ltrans0.ltrans.o
 .rodata.g_ExpMasks
                0x00004356       0x10 C:\Users\esquerra\AppData\Local\Temp\ccSTkrm2.ltrans0.ltrans.o
 .rodata.g_ExpData
                0x00004366       0x10 C:\Users\esquerra\AppData\Local\Temp\ccSTkrm2.ltrans0.ltrans.o
 .rodata.g_EShotData
                0x00004376       0x10 C:\Users\esquerra\AppData\Local\Temp\ccSTkrm2.ltrans0.ltrans.o
 .rodata.g_EShotMask
                0x00004386       0x10 C:\Users\esquerra\AppData\Local\Temp\ccSTkrm2.ltrans0.ltrans.o
 .rodata.g_ShotData
                0x00004396       0x10 C:\Users\esquerra\AppData\Local\Temp\ccSTkrm2.ltrans0.ltrans.o
 .rodata.g_ShotMask
                0x000043a6       0x10 C:\Users\esquerra\AppData\Local\Temp\ccSTkrm2.ltrans0.ltrans.o
 .rodata.g_EnemyMasks
                0x000043b6       0x14 C:\Users\esquerra\AppData\Local\Temp\ccSTkrm2.ltrans0.ltrans.o
 .rodata.g_EnemyDatas
                0x000043ca       0x14 C:\Users\esquerra\AppData\Local\Temp\ccSTkrm2.ltrans0.ltrans.o
 .rodata.g_EnemyColor
                0x000043de        0x5 C:\Users\esquerra\AppData\Local\Temp\ccSTkrm2.ltrans0.ltrans.o
 *fill*         0x000043e3        0x1 
 .rodata.g_EnemyRows
                0x000043e4        0xa C:\Users\esquerra\AppData\Local\Temp\ccSTkrm2.ltrans0.ltrans.o
 .rodata.g_BossRedData
                0x000043ee       0x60 C:\Users\esquerra\AppData\Local\Temp\ccSTkrm2.ltrans0.ltrans.o
 .rodata.g_BossWhiteData
                0x0000444e       0x60 C:\Users\esquerra\AppData\Local\Temp\ccSTkrm2.ltrans0.ltrans.o
 .rodata.g_BossMask
                0x000044ae       0x60 C:\Users\esquerra\AppData\Local\Temp\ccSTkrm2.ltrans0.ltrans.o
 .rodata.g_Levels
                0x0000450e       0x64 C:\Users\esquerra\AppData\Local\Temp\ccSTkrm2.ltrans0.ltrans.o
 .rodata.g_Palette
                0x00004572      0x140 C:\Users\esquerra\AppData\Local\Temp\ccSTkrm2.ltrans0.ltrans.o

.rodata1
 *(.rodata1)

.eh_frame_hdr
 *(.eh_frame_hdr)
 *(.eh_frame_entry .eh_frame_entry.*)

.eh_frame
 *(.eh_frame)
 *(.eh_frame.*)

.sframe
 *(.sframe)
 *(.sframe.*)

.gcc_except_table
 *(.gcc_except_table .gcc_except_table.*)

.gnu_extab
 *(.gnu_extab*)

.exception_ranges
 *(.exception_ranges*)

.note.build-id
 *(.note.build-id)

.note.GNU-stack
 *(.note.GNU-stack)

.note.gnu-property
 *(.note.gnu-property)

.note.ABI-tag
 *(.note.ABI-tag)

.note.package
 *(.note.package)

.note.dlopen
 *(.note.dlopen)

.note.netbsd.ident
 *(.note.netbsd.ident)

.note.openbsd.ident
 *(.note.openbsd.ident)
                0x000066b2                        . = DATA_SEGMENT_ALIGN (CONSTANT (MAXPAGESIZE), CONSTANT (COMMONPAGESIZE))

.eh_frame
 *(.eh_frame)
 *(.eh_frame.*)

.sframe
 *(.sframe)
 *(.sframe.*)

.gnu_extab
 *(.gnu_extab)

.gcc_except_table
 *(.gcc_except_table .gcc_except_table.*)

.exception_ranges
 *(.exception_ranges*)

.tdata          0x000066b2        0x0
                [!provide]                        PROVIDE (__tdata_start = .)
 *(.tdata .tdata.* .gnu.linkonce.td.*)

.tbss
 *(.tbss .tbss.* .gnu.linkonce.tb.*)
 *(.tcommon)

.preinit_array  0x000066b2        0x0
                0x000066b2                        PROVIDE (__preinit_array_start = .)
 *(.preinit_array)
                0x000066b2                        PROVIDE (__preinit_array_end = .)

.init_array     0x000066b2        0x0
                0x000066b2                        PROVIDE (__init_array_start = .)
 *(SORT_BY_INIT_PRIORITY(.init_array.*) SORT_BY_INIT_PRIORITY(.ctors.*))
 *(.init_array EXCLUDE_FILE(*crtend?.o *crtend.o *crtbegin?.o *crtbegin.o) .ctors)
                0x000066b2                        PROVIDE (__init_array_end = .)

.fini_array     0x000066b2        0x0
                0x000066b2                        PROVIDE (__fini_array_start = .)
 *(SORT_BY_INIT_PRIORITY(.fini_array.*) SORT_BY_INIT_PRIORITY(.dtors.*))
 *(.fini_array EXCLUDE_FILE(*crtend?.o *crtend.o *crtbegin?.o *crtbegin.o) .dtors)
                0x000066b2                        PROVIDE (__fini_array_end = .)

.ctors
 *crtbegin.o(.ctors)
 *crtbegin?.o(.ctors)
 *(EXCLUDE_FILE(*crtend?.o *crtend.o) .ctors)
 *(SORT_BY_NAME(.ctors.*))
 *(.ctors)

.dtors
 *crtbegin.o(.dtors)
 *crtbegin?.o(.dtors)
 *(EXCLUDE_FILE(*crtend?.o *crtend.o) .dtors)
 *(SORT_BY_NAME(.dtors.*))
 *(.dtors)

.jcr
 *(.jcr)

.data.rel.ro
 *(.data.rel.ro.local* .gnu.linkonce.d.rel.ro.local.*)
 *(.data.rel.ro .data.rel.ro.* .gnu.linkonce.d.rel.ro.*)

.dynamic
 *(.dynamic)
                0x000066b2                        . = DATA_SEGMENT_RELRO_END (., 0x0)

.got
 *(.got.plt)
 *(.igot.plt)
 *(.got)
 *(.igot)

.data           0x000066b2        0xa
 *(.data .data.* .gnu.linkonce.d.*)
 .data.g_GameState
                0x000066b2        0x2 C:\Users\esquerra\AppData\Local\Temp\ccSTkrm2.ltrans0.ltrans.o
 .data.g_SpawnTimer
                0x000066b4        0x2 C:\Users\esquerra\AppData\Local\Temp\ccSTkrm2.ltrans0.ltrans.o
 .data.g_NextLifeAt
                0x000066b6        0x2 C:\Users\esquerra\AppData\Local\Temp\ccSTkrm2.ltrans0.ltrans.o
 .data.g_Level  0x000066b8        0x2 C:\Users\esquerra\AppData\Local\Temp\ccSTkrm2.ltrans0.ltrans.o
 .data.g_Lives  0x000066ba        0x2 C:\Users\esquerra\AppData\Local\Temp\ccSTkrm2.ltrans0.ltrans.o

.data1
 *(.data1)
                0x000066bc                        _edata = .
                [!provide]                        PROVIDE (edata = .)
                0x000066bc                        . = ALIGN (ALIGNOF (NEXT_SECTION))
                0x000066bc                        __bss_start = .

.bss            0x000066bc      0x22c
 *(.dynbss)
 *(.bss .bss.* .gnu.linkonce.b.*)
 .bss.ActiView  0x000066bc        0x4 C:\Users\esquerra\AppData\Local\Temp\ccSTkrm2.ltrans0.ltrans.o
 .bss.SystemADKCON
                0x000066c0        0x2 C:\Users\esquerra\AppData\Local\Temp\ccSTkrm2.ltrans0.ltrans.o
 .bss.SystemDMA
                0x000066c2        0x2 C:\Users\esquerra\AppData\Local\Temp\ccSTkrm2.ltrans0.ltrans.o
 .bss.SystemInts
                0x000066c4        0x2 C:\Users\esquerra\AppData\Local\Temp\ccSTkrm2.ltrans0.ltrans.o
 .bss.SystemIrq
                0x000066c6        0x4 C:\Users\esquerra\AppData\Local\Temp\ccSTkrm2.ltrans0.ltrans.o
 .bss.g_WaveTotal
                0x000066ca        0x2 C:\Users\esquerra\AppData\Local\Temp\ccSTkrm2.ltrans0.ltrans.o
 .bss.VBR       0x000066cc        0x4 C:\Users\esquerra\AppData\Local\Temp\ccSTkrm2.ltrans0.ltrans.o
 .bss.DOSBase   0x000066d0        0x4 C:\Users\esquerra\AppData\Local\Temp\ccSTkrm2.ltrans0.ltrans.o
 .bss.GfxBase   0x000066d4        0x4 C:\Users\esquerra\AppData\Local\Temp\ccSTkrm2.ltrans0.ltrans.o
 .bss.SysBase   0x000066d8        0x4 C:\Users\esquerra\AppData\Local\Temp\ccSTkrm2.ltrans0.ltrans.o
 .bss.g_FrameCounter
                0x000066dc        0x2 C:\Users\esquerra\AppData\Local\Temp\ccSTkrm2.ltrans0.ltrans.o
 .bss.g_PendingCop
                0x000066de        0x4 C:\Users\esquerra\AppData\Local\Temp\ccSTkrm2.ltrans0.ltrans.o
 .bss.custom    0x000066e2        0x4 C:\Users\esquerra\AppData\Local\Temp\ccSTkrm2.ltrans0.ltrans.o
 *fill*         0x000066e6        0x2 
 .bss.g_Stars3  0x000066e8       0x38 C:\Users\esquerra\AppData\Local\Temp\ccSTkrm2.ltrans0.ltrans.o
 .bss.g_Stars2  0x00006720       0x30 C:\Users\esquerra\AppData\Local\Temp\ccSTkrm2.ltrans0.ltrans.o
 .bss.g_Stars1  0x00006750       0x28 C:\Users\esquerra\AppData\Local\Temp\ccSTkrm2.ltrans0.ltrans.o
 .bss.g_FireCooldown
                0x00006778        0x2 C:\Users\esquerra\AppData\Local\Temp\ccSTkrm2.ltrans0.ltrans.o
 .bss.g_Shots   0x0000677a       0x18 C:\Users\esquerra\AppData\Local\Temp\ccSTkrm2.ltrans0.ltrans.o
 .bss.g_ShipExplTimer
                0x00006792        0x2 C:\Users\esquerra\AppData\Local\Temp\ccSTkrm2.ltrans0.ltrans.o
 .bss.g_ShipExploding
                0x00006794        0x2 C:\Users\esquerra\AppData\Local\Temp\ccSTkrm2.ltrans0.ltrans.o
 .bss.g_ShipY   0x00006796        0x2 C:\Users\esquerra\AppData\Local\Temp\ccSTkrm2.ltrans0.ltrans.o
 .bss.g_ShipX   0x00006798        0x2 C:\Users\esquerra\AppData\Local\Temp\ccSTkrm2.ltrans0.ltrans.o
 .bss.g_WaveKilled
                0x0000679a        0x2 C:\Users\esquerra\AppData\Local\Temp\ccSTkrm2.ltrans0.ltrans.o
 .bss.g_WaveSpawned
                0x0000679c        0x2 C:\Users\esquerra\AppData\Local\Temp\ccSTkrm2.ltrans0.ltrans.o
 .bss.g_WaveActive
                0x0000679e        0x2 C:\Users\esquerra\AppData\Local\Temp\ccSTkrm2.ltrans0.ltrans.o
 .bss.g_Explosions
                0x000067a0       0x3c C:\Users\esquerra\AppData\Local\Temp\ccSTkrm2.ltrans0.ltrans.o
 .bss.g_EnemyShots
                0x000067dc       0x78 C:\Users\esquerra\AppData\Local\Temp\ccSTkrm2.ltrans0.ltrans.o
 .bss.g_Enemies
                0x00006854       0x90 C:\Users\esquerra\AppData\Local\Temp\ccSTkrm2.ltrans0.ltrans.o
 .bss.g_CurrentBiome
                0x000068e4        0x2 C:\Users\esquerra\AppData\Local\Temp\ccSTkrm2.ltrans0.ltrans.o
 .bss.g_Score   0x000068e6        0x2 C:\Users\esquerra\AppData\Local\Temp\ccSTkrm2.ltrans0.ltrans.o
 *(COMMON)
                0x000068e8                        . = ALIGN ((. != 0x0)?0x4:0x1)
                0x000068e8                        . = ALIGN (0x4)
                0x000068e8                        . = SEGMENT_START ("ldata-segment", .)
                0x000068e8                        . = ALIGN (0x4)
                0x000068e8                        _end = .
                [!provide]                        PROVIDE (end = .)
                0x000068e8                        . = DATA_SEGMENT_END (.)

.stab
 *(.stab)

.stabstr
 *(.stabstr)

.stab.excl
 *(.stab.excl)

.stab.exclstr
 *(.stab.exclstr)

.stab.index
 *(.stab.index)

.stab.indexstr
 *(.stab.indexstr)

.comment        0x00000000       0x12
 *(.comment)
 .comment       0x00000000       0x12 C:\Users\esquerra\AppData\Local\Temp\ccSTkrm2.ltrans0.ltrans.o
                                 0x13 (size before relaxing)

.gnu.build.attributes
 *(.gnu.build.attributes .gnu.build.attributes.*)

.debug
 *(.debug)

.line
 *(.line)

.debug_srcinfo
 *(.debug_srcinfo)

.debug_sfnames
 *(.debug_sfnames)

.debug_aranges  0x00000000       0xe0
 *(.debug_aranges)
 .debug_aranges
                0x00000000       0x90 C:\Users\esquerra\AppData\Local\Temp\ccSTkrm2.ltrans0.ltrans.o
 .debug_aranges
                0x00000090       0x50 obj/gcc8_a_support.o

.debug_pubnames
 *(.debug_pubnames)

.debug_info     0x00000000     0x94c5
 *(.debug_info .gnu.linkonce.wi.*)
 .debug_info    0x00000000     0x2b42 C:\Users\esquerra\AppData\Local\Temp\ccSTkrm2.ltrans0.ltrans.o
 .debug_info    0x00002b42     0x5bfa C:\Users\esquerra\AppData\Local\Temp\ccCiBhPW.debug.temp.o
                0x00002b42                main.c.0b68e838
 .debug_info    0x0000873c      0xd04 C:\Users\esquerra\AppData\Local\Temp\ccaIGecY.debug.temp.o
                0x0000873c                gcc8_c_support.c.52835f3b
 .debug_info    0x00009440       0x85 obj/gcc8_a_support.o

.debug_abbrev   0x00000000      0x864
 *(.debug_abbrev)
 .debug_abbrev  0x00000000      0x29a C:\Users\esquerra\AppData\Local\Temp\ccSTkrm2.ltrans0.ltrans.o
 .debug_abbrev  0x0000029a      0x349 C:\Users\esquerra\AppData\Local\Temp\ccCiBhPW.debug.temp.o
 .debug_abbrev  0x000005e3      0x262 C:\Users\esquerra\AppData\Local\Temp\ccaIGecY.debug.temp.o
 .debug_abbrev  0x00000845       0x1f obj/gcc8_a_support.o

.debug_line     0x00000000     0x7bb0
 *(.debug_line .debug_line.* .debug_line_end)
 .debug_line    0x00000000     0x73bb C:\Users\esquerra\AppData\Local\Temp\ccSTkrm2.ltrans0.ltrans.o
 .debug_line    0x000073bb      0x52b C:\Users\esquerra\AppData\Local\Temp\ccCiBhPW.debug.temp.o
 .debug_line    0x000078e6      0x1af C:\Users\esquerra\AppData\Local\Temp\ccaIGecY.debug.temp.o
 .debug_line    0x00007a95      0x11b obj/gcc8_a_support.o

.debug_frame    0x00000000      0x6ac
 *(.debug_frame)
 .debug_frame   0x00000000      0x5e0 C:\Users\esquerra\AppData\Local\Temp\ccSTkrm2.ltrans0.ltrans.o
 .debug_frame   0x000005e0       0xcc obj/gcc8_a_support.o

.debug_str      0x00000000      0x2d1
 *(.debug_str)
 .debug_str     0x00000000       0x12 C:\Users\esquerra\AppData\Local\Temp\ccSTkrm2.ltrans0.ltrans.o
 .debug_str     0x00000012      0x19a C:\Users\esquerra\AppData\Local\Temp\ccCiBhPW.debug.temp.o
 .debug_str     0x000001ac       0x8a C:\Users\esquerra\AppData\Local\Temp\ccaIGecY.debug.temp.o
 .debug_str     0x00000236       0x9b obj/gcc8_a_support.o

.debug_loc
 *(.debug_loc)

.debug_macinfo
 *(.debug_macinfo)

.debug_weaknames
 *(.debug_weaknames)

.debug_funcnames
 *(.debug_funcnames)

.debug_typenames
 *(.debug_typenames)

.debug_varnames
 *(.debug_varnames)

.debug_pubtypes
 *(.debug_pubtypes)

.debug_ranges   0x00000000       0x48
 *(.debug_ranges)
 .debug_ranges  0x00000000       0x48 obj/gcc8_a_support.o

.debug_addr
 *(.debug_addr)

.debug_line_str
 *(.debug_line_str)

.debug_loclists
                0x00000000     0x5381
 *(.debug_loclists)
 .debug_loclists
                0x00000000     0x5381 C:\Users\esquerra\AppData\Local\Temp\ccSTkrm2.ltrans0.ltrans.o

.debug_macro
 *(.debug_macro)

.debug_names
 *(.debug_names)

.debug_rnglists
                0x00000000      0x9fa
 *(.debug_rnglists)
 .debug_rnglists
                0x00000000      0x9fa C:\Users\esquerra\AppData\Local\Temp\ccSTkrm2.ltrans0.ltrans.o

.debug_str_offsets
 *(.debug_str_offsets)

.debug_sup
 *(.debug_sup)

.gnu.attributes
 *(.gnu.attributes)

/DISCARD/
 *(.note.GNU-stack)
 *(.gnu_debuglink)
 *(.gnu.lto_*)
 *(.gnu_object_only)
OUTPUT(out/a.elf elf32-m68k)
