
Discarded input sections

 .text          0x00000000        0x0 C:\Users\esquerra\AppData\Local\Temp\ccsFSdI6.ltrans0.ltrans.o
 .data          0x00000000        0x0 C:\Users\esquerra\AppData\Local\Temp\ccsFSdI6.ltrans0.ltrans.o
 .bss           0x00000000        0x0 C:\Users\esquerra\AppData\Local\Temp\ccsFSdI6.ltrans0.ltrans.o
 .text.strlen   0x00000000       0x1a C:\Users\esquerra\AppData\Local\Temp\ccsFSdI6.ltrans0.ltrans.o
 .text.memset   0x00000000      0x196 C:\Users\esquerra\AppData\Local\Temp\ccsFSdI6.ltrans0.ltrans.o
 .text.memmove  0x00000000       0xd4 C:\Users\esquerra\AppData\Local\Temp\ccsFSdI6.ltrans0.ltrans.o
 .comment       0x00000000       0x13 C:\Users\esquerra\AppData\Local\Temp\ccmIlKJ3.debug.temp.o
 .comment       0x00000000       0x13 C:\Users\esquerra\AppData\Local\Temp\ccotydi4.debug.temp.o
 .text          0x00000000        0x0 obj/gcc8_a_support.o
 .data          0x00000000        0x0 obj/gcc8_a_support.o
 .bss           0x00000000        0x0 obj/gcc8_a_support.o
 .text.__umodsi3
                0x00000000       0x2e obj/gcc8_a_support.o
 .data          0x00000000        0x0 obj/blitter.o
 .bss           0x00000000        0x0 obj/blitter.o
 .data          0x00000000        0x0 obj/entities.o
 .bss           0x00000000        0x0 obj/entities.o

Memory Configuration

Name             Origin             Length             Attributes
*default*        0x00000000         0xffffffff

Linker script and memory map

Address of section .text set to 0x0
LOAD C:\Users\esquerra\AppData\Local\Temp\ccsFSdI6.ltrans0.ltrans.o
LOAD C:\Users\esquerra\AppData\Local\Temp\ccmIlKJ3.debug.temp.o
LOAD C:\Users\esquerra\AppData\Local\Temp\ccotydi4.debug.temp.o
LOAD obj/gcc8_a_support.o
LOAD obj/blitter.o
LOAD obj/entities.o
                [!provide]                        PROVIDE (__executable_start = SEGMENT_START ("text-segment", 0x80000000))
                0x80000074                        . = (SEGMENT_START ("text-segment", 0x80000000) + SIZEOF_HEADERS)

.note.gnu.build-id
 *(.note.gnu.build-id)

.interp
 *(.interp)

.hash
 *(.hash)

.gnu.hash
 *(.gnu.hash)

.dynsym
 *(.dynsym)

.dynstr
 *(.dynstr)

.gnu.version
 *(.gnu.version)

.gnu.version_d
 *(.gnu.version_d)

.gnu.version_r
 *(.gnu.version_r)

.rela.dyn       0x80000074        0x0
 *(.rela.init)
 *(.rela.text .rela.text.* .rela.gnu.linkonce.t.*)
 *(.rela.fini)
 *(.rela.rodata .rela.rodata.* .rela.gnu.linkonce.r.*)
 *(.rela.data .rela.data.* .rela.gnu.linkonce.d.*)
 *(.rela.tdata .rela.tdata.* .rela.gnu.linkonce.td.*)
 *(.rela.tbss .rela.tbss.* .rela.gnu.linkonce.tb.*)
 *(.rela.ctors)
 *(.rela.dtors)
 *(.rela.got)
 *(.rela.bss .rela.bss.* .rela.gnu.linkonce.b.*)
                [!provide]                        PROVIDE (__rela_iplt_start = .)
 *(.rela.iplt)
                [!provide]                        PROVIDE (__rela_iplt_end = .)

.rela.plt
 *(.rela.plt)

.init
 *(SORT_NONE(.init))

.plt
 *(.plt)

.iplt
 *(.iplt)

.text           0x00000000     0x4ab0
 *(.text.unlikely .text.*_unlikely .text.unlikely.*)
 .text.unlikely
                0x00000000       0x84 C:\Users\esquerra\AppData\Local\Temp\ccsFSdI6.ltrans0.ltrans.o
                0x00000000                _start
 *(.text.exit .text.exit.*)
 *(.text.startup .text.startup.*)
 .text.startup.main
                0x00000084     0x2cc8 C:\Users\esquerra\AppData\Local\Temp\ccsFSdI6.ltrans0.ltrans.o
                0x00000084                main
 *(.text.hot .text.hot.*)
 *(SORT_BY_NAME(.text.sorted.*))
 *(.text .stub .text.* .gnu.linkonce.t.*)
 .text.SupervisorGetVBR
                0x00002d4c        0x6 C:\Users\esquerra\AppData\Local\Temp\ccsFSdI6.ltrans0.ltrans.o
 .text.WaitVbl  0x00002d52       0xc2 C:\Users\esquerra\AppData\Local\Temp\ccsFSdI6.ltrans0.ltrans.o
 .text.ResetGameSession
                0x00002e14      0x288 C:\Users\esquerra\AppData\Local\Temp\ccsFSdI6.ltrans0.ltrans.o
 .text.VBlankHandler
                0x0000309c       0x42 C:\Users\esquerra\AppData\Local\Temp\ccsFSdI6.ltrans0.ltrans.o
 .text.BuildCopperListEx
                0x000030de      0x176 C:\Users\esquerra\AppData\Local\Temp\ccsFSdI6.ltrans0.ltrans.o
 .text.DrawShipAnim.part.0
                0x00003254      0x6b2 C:\Users\esquerra\AppData\Local\Temp\ccsFSdI6.ltrans0.ltrans.o
 .text.DrawForceFieldMask.part.0
                0x00003906      0x1b8 C:\Users\esquerra\AppData\Local\Temp\ccsFSdI6.ltrans0.ltrans.o
 .text.DrawForceField.isra.0
                0x00003abe      0x1dc C:\Users\esquerra\AppData\Local\Temp\ccsFSdI6.ltrans0.ltrans.o
 .text.KPrintF  0x00003c9a       0x72 C:\Users\esquerra\AppData\Local\Temp\ccsFSdI6.ltrans0.ltrans.o
 .text.DrawBob16
                0x00003d0c      0x416 C:\Users\esquerra\AppData\Local\Temp\ccsFSdI6.ltrans0.ltrans.o
 .text.memcpy   0x00004122       0x90 C:\Users\esquerra\AppData\Local\Temp\ccsFSdI6.ltrans0.ltrans.o
                0x00004122                memcpy
 .text.__mulsi3
                0x000041b2       0x22 obj/gcc8_a_support.o
                0x000041b2                __mulsi3
 .text.__udivsi3
                0x000041d4       0x5c obj/gcc8_a_support.o
                0x000041d4                __udivsi3
 .text.__divsi3
                0x00004230       0x2e obj/gcc8_a_support.o
                0x00004230                __divsi3
 .text.__modsi3
                0x0000425e       0x2e obj/gcc8_a_support.o
                0x0000425e                __modsi3
 .text.KPutCharX
                0x0000428c        0xe obj/gcc8_a_support.o
                0x0000428c                KPutCharX
 .text.PutChar  0x0000429a        0x4 obj/gcc8_a_support.o
                0x0000429a                PutChar
 *fill*         0x0000429e        0x2 4e714e71
 .text          0x000042a0      0x6ea obj/blitter.o
                0x000042a0                WaitBlitter
                0x000042ba                BlitterClear
                0x0000433e                BlitterClearArea
                0x000043a8                ClearGameAreaAsm
                0x0000442e                ParallaxDrawAsm
                0x00004516                ClearAndParallaxAsm
                0x00004658                DrawBorderAsm
                0x00004712                DrawBob16Asm
                0x000047de                DrawBob32d2Asm
                0x000048c4                DrawBob16d2Asm
 *fill*         0x0000498a        0x2 4e714e71
 .text          0x0000498c      0x124 obj/entities.o
                0x0000498c                AsmUpdatePlayerShots
                0x000049b6                AsmUpdateEnemyShots
                0x000049e0                AsmUpdateEnemies
                0x00004a14                AsmUpdateExplosions
                0x00004a3e                AsmEnemyFire
 *(.gnu.warning)

.fini
 *(SORT_NONE(.fini))
                [!provide]                        PROVIDE (__etext = .)
                [!provide]                        PROVIDE (_etext = .)
                [!provide]                        PROVIDE (etext = .)

.rodata         0x00004ab0    0x22f86
 *(.rodata .rodata.* .gnu.linkonce.r.*)
 .rodata        0x00004ab0       0x61 C:\Users\esquerra\AppData\Local\Temp\ccsFSdI6.ltrans0.ltrans.o
 *fill*         0x00004b11        0x1 
 .rodata.SHIP_W_B_PLANE3
                0x00004b12       0x60 C:\Users\esquerra\AppData\Local\Temp\ccsFSdI6.ltrans0.ltrans.o
 .rodata.SHIP_W_B_PLANE2
                0x00004b72       0x60 C:\Users\esquerra\AppData\Local\Temp\ccsFSdI6.ltrans0.ltrans.o
 .rodata.SHIP_W_B_PLANE1
                0x00004bd2       0x60 C:\Users\esquerra\AppData\Local\Temp\ccsFSdI6.ltrans0.ltrans.o
 .rodata.SHIP_W_A_PLANE3
                0x00004c32       0x60 C:\Users\esquerra\AppData\Local\Temp\ccsFSdI6.ltrans0.ltrans.o
 .rodata.SHIP_W_A_PLANE2
                0x00004c92       0x60 C:\Users\esquerra\AppData\Local\Temp\ccsFSdI6.ltrans0.ltrans.o
 .rodata.SHIP_W_A_PLANE1
                0x00004cf2       0x60 C:\Users\esquerra\AppData\Local\Temp\ccsFSdI6.ltrans0.ltrans.o
 .rodata.g_Exp3Mask
                0x00004d52       0x20 C:\Users\esquerra\AppData\Local\Temp\ccsFSdI6.ltrans0.ltrans.o
 .rodata.g_Exp2Mask
                0x00004d72       0x20 C:\Users\esquerra\AppData\Local\Temp\ccsFSdI6.ltrans0.ltrans.o
 .rodata.g_Exp1Mask
                0x00004d92       0x20 C:\Users\esquerra\AppData\Local\Temp\ccsFSdI6.ltrans0.ltrans.o
 .rodata.g_Exp0Mask
                0x00004db2       0x20 C:\Users\esquerra\AppData\Local\Temp\ccsFSdI6.ltrans0.ltrans.o
 .rodata.g_Exp3Data
                0x00004dd2       0x20 C:\Users\esquerra\AppData\Local\Temp\ccsFSdI6.ltrans0.ltrans.o
 .rodata.g_Exp2Data
                0x00004df2       0x20 C:\Users\esquerra\AppData\Local\Temp\ccsFSdI6.ltrans0.ltrans.o
 .rodata.g_Exp1Data
                0x00004e12       0x20 C:\Users\esquerra\AppData\Local\Temp\ccsFSdI6.ltrans0.ltrans.o
 .rodata.g_Exp0Data
                0x00004e32       0x20 C:\Users\esquerra\AppData\Local\Temp\ccsFSdI6.ltrans0.ltrans.o
 .rodata.g_FFBubScroll3
                0x00004e52      0x120 C:\Users\esquerra\AppData\Local\Temp\ccsFSdI6.ltrans0.ltrans.o
 .rodata.g_FFBubScroll2
                0x00004f72      0x120 C:\Users\esquerra\AppData\Local\Temp\ccsFSdI6.ltrans0.ltrans.o
 .rodata.g_FFBubScroll1
                0x00005092      0x120 C:\Users\esquerra\AppData\Local\Temp\ccsFSdI6.ltrans0.ltrans.o
 .rodata.g_FFBubScroll0
                0x000051b2      0x120 C:\Users\esquerra\AppData\Local\Temp\ccsFSdI6.ltrans0.ltrans.o
 .rodata.g_FFSweepDst3
                0x000052d2      0x120 C:\Users\esquerra\AppData\Local\Temp\ccsFSdI6.ltrans0.ltrans.o
 .rodata.g_FFSweepDst2
                0x000053f2      0x120 C:\Users\esquerra\AppData\Local\Temp\ccsFSdI6.ltrans0.ltrans.o
 .rodata.g_FFSweepDst1
                0x00005512      0x120 C:\Users\esquerra\AppData\Local\Temp\ccsFSdI6.ltrans0.ltrans.o
 .rodata.g_FFSweepDst0
                0x00005632      0x120 C:\Users\esquerra\AppData\Local\Temp\ccsFSdI6.ltrans0.ltrans.o
 .rodata.g_FFSweepSrc3
                0x00005752      0x120 C:\Users\esquerra\AppData\Local\Temp\ccsFSdI6.ltrans0.ltrans.o
 .rodata.g_FFSweepSrc2
                0x00005872      0x120 C:\Users\esquerra\AppData\Local\Temp\ccsFSdI6.ltrans0.ltrans.o
 .rodata.g_FFSweepSrc1
                0x00005992      0x120 C:\Users\esquerra\AppData\Local\Temp\ccsFSdI6.ltrans0.ltrans.o
 .rodata.g_FFSweepSrc0
                0x00005ab2      0x120 C:\Users\esquerra\AppData\Local\Temp\ccsFSdI6.ltrans0.ltrans.o
 .rodata.SHIP_W_B_PLANE0
                0x00005bd2       0x60 C:\Users\esquerra\AppData\Local\Temp\ccsFSdI6.ltrans0.ltrans.o
 .rodata.SHIP_W_A_PLANE0
                0x00005c32       0x60 C:\Users\esquerra\AppData\Local\Temp\ccsFSdI6.ltrans0.ltrans.o
 .rodata.SHIP_W_B_MASK
                0x00005c92       0x60 C:\Users\esquerra\AppData\Local\Temp\ccsFSdI6.ltrans0.ltrans.o
 .rodata.SHIP_W_A_MASK
                0x00005cf2       0x60 C:\Users\esquerra\AppData\Local\Temp\ccsFSdI6.ltrans0.ltrans.o
 .rodata.bg_tiles
                0x00005d52    0x14f40 C:\Users\esquerra\AppData\Local\Temp\ccsFSdI6.ltrans0.ltrans.o
 .rodata.bg_tilemap
                0x0001ac92      0xa00 C:\Users\esquerra\AppData\Local\Temp\ccsFSdI6.ltrans0.ltrans.o
 .rodata.g_ExpMasks
                0x0001b692       0x10 C:\Users\esquerra\AppData\Local\Temp\ccsFSdI6.ltrans0.ltrans.o
 .rodata.g_ExpData
                0x0001b6a2       0x10 C:\Users\esquerra\AppData\Local\Temp\ccsFSdI6.ltrans0.ltrans.o
 .rodata.g_EShotData
                0x0001b6b2       0x10 C:\Users\esquerra\AppData\Local\Temp\ccsFSdI6.ltrans0.ltrans.o
 .rodata.g_EShotMask
                0x0001b6c2       0x10 C:\Users\esquerra\AppData\Local\Temp\ccsFSdI6.ltrans0.ltrans.o
 .rodata.g_ShotData
                0x0001b6d2       0x10 C:\Users\esquerra\AppData\Local\Temp\ccsFSdI6.ltrans0.ltrans.o
 .rodata.g_ShotMask
                0x0001b6e2       0x10 C:\Users\esquerra\AppData\Local\Temp\ccsFSdI6.ltrans0.ltrans.o
 .rodata.g_EnemyFast16Hi
                0x0001b6f2       0x20 C:\Users\esquerra\AppData\Local\Temp\ccsFSdI6.ltrans0.ltrans.o
 .rodata.g_EnemyFast16InvHi
                0x0001b712       0x20 C:\Users\esquerra\AppData\Local\Temp\ccsFSdI6.ltrans0.ltrans.o
 .rodata.g_EnemyFast16Mask
                0x0001b732       0x20 C:\Users\esquerra\AppData\Local\Temp\ccsFSdI6.ltrans0.ltrans.o
 .rodata.g_EnemyFast16Lo
                0x0001b752       0x20 C:\Users\esquerra\AppData\Local\Temp\ccsFSdI6.ltrans0.ltrans.o
 .rodata.g_EnemyFast16InvLo
                0x0001b772       0x20 C:\Users\esquerra\AppData\Local\Temp\ccsFSdI6.ltrans0.ltrans.o
 .rodata.g_EnemyBasic24Hi
                0x0001b792       0x60 C:\Users\esquerra\AppData\Local\Temp\ccsFSdI6.ltrans0.ltrans.o
 .rodata.g_EnemyBasic24InvHi
                0x0001b7f2       0x60 C:\Users\esquerra\AppData\Local\Temp\ccsFSdI6.ltrans0.ltrans.o
 .rodata.g_EnemyBasic24Mask
                0x0001b852       0x60 C:\Users\esquerra\AppData\Local\Temp\ccsFSdI6.ltrans0.ltrans.o
 .rodata.g_EnemyBasic24Lo
                0x0001b8b2       0x60 C:\Users\esquerra\AppData\Local\Temp\ccsFSdI6.ltrans0.ltrans.o
 .rodata.g_EnemyBasic24InvLo
                0x0001b912       0x60 C:\Users\esquerra\AppData\Local\Temp\ccsFSdI6.ltrans0.ltrans.o
 .rodata.border_mirror_data
                0x0001b972     0x6000 C:\Users\esquerra\AppData\Local\Temp\ccsFSdI6.ltrans0.ltrans.o
 .rodata.border_data
                0x00021972     0x6000 C:\Users\esquerra\AppData\Local\Temp\ccsFSdI6.ltrans0.ltrans.o
 .rodata.g_Levels
                0x00027972       0x64 C:\Users\esquerra\AppData\Local\Temp\ccsFSdI6.ltrans0.ltrans.o
 .rodata.g_HwSprData_src.3
                0x000279d6       0x24 C:\Users\esquerra\AppData\Local\Temp\ccsFSdI6.ltrans0.ltrans.o
 .rodata.bg_plane_offs
                0x000279fa        0xc C:\Users\esquerra\AppData\Local\Temp\ccsFSdI6.ltrans0.ltrans.o
 .rodata.g_FFBubScrollSet
                0x00027a06       0x10 C:\Users\esquerra\AppData\Local\Temp\ccsFSdI6.ltrans0.ltrans.o
 .rodata.g_FFSweepDstSet
                0x00027a16       0x10 C:\Users\esquerra\AppData\Local\Temp\ccsFSdI6.ltrans0.ltrans.o
 .rodata.g_FFSweepSrcSet
                0x00027a26       0x10 C:\Users\esquerra\AppData\Local\Temp\ccsFSdI6.ltrans0.ltrans.o

.rodata1
 *(.rodata1)

.eh_frame_hdr
 *(.eh_frame_hdr)
 *(.eh_frame_entry .eh_frame_entry.*)

.eh_frame
 *(.eh_frame)
 *(.eh_frame.*)

.sframe
 *(.sframe)
 *(.sframe.*)

.gcc_except_table
 *(.gcc_except_table .gcc_except_table.*)

.gnu_extab
 *(.gnu_extab*)

.exception_ranges
 *(.exception_ranges*)

.note.build-id
 *(.note.build-id)

.note.GNU-stack
 *(.note.GNU-stack)

.note.gnu-property
 *(.note.gnu-property)

.note.ABI-tag
 *(.note.ABI-tag)

.note.package
 *(.note.package)

.note.dlopen
 *(.note.dlopen)

.note.netbsd.ident
 *(.note.netbsd.ident)

.note.openbsd.ident
 *(.note.openbsd.ident)
                0x00029a36                        . = DATA_SEGMENT_ALIGN (CONSTANT (MAXPAGESIZE), CONSTANT (COMMONPAGESIZE))

.eh_frame
 *(.eh_frame)
 *(.eh_frame.*)

.sframe
 *(.sframe)
 *(.sframe.*)

.gnu_extab
 *(.gnu_extab)

.gcc_except_table
 *(.gcc_except_table .gcc_except_table.*)

.exception_ranges
 *(.exception_ranges*)

.tdata          0x00029a36        0x0
                [!provide]                        PROVIDE (__tdata_start = .)
 *(.tdata .tdata.* .gnu.linkonce.td.*)

.tbss
 *(.tbss .tbss.* .gnu.linkonce.tb.*)
 *(.tcommon)

.preinit_array  0x00029a36        0x0
                0x00029a36                        PROVIDE (__preinit_array_start = .)
 *(.preinit_array)
                0x00029a36                        PROVIDE (__preinit_array_end = .)

.init_array     0x00029a36        0x0
                0x00029a36                        PROVIDE (__init_array_start = .)
 *(SORT_BY_INIT_PRIORITY(.init_array.*) SORT_BY_INIT_PRIORITY(.ctors.*))
 *(.init_array EXCLUDE_FILE(*crtend?.o *crtend.o *crtbegin?.o *crtbegin.o) .ctors)
                0x00029a36                        PROVIDE (__init_array_end = .)

.fini_array     0x00029a36        0x0
                0x00029a36                        PROVIDE (__fini_array_start = .)
 *(SORT_BY_INIT_PRIORITY(.fini_array.*) SORT_BY_INIT_PRIORITY(.dtors.*))
 *(.fini_array EXCLUDE_FILE(*crtend?.o *crtend.o *crtbegin?.o *crtbegin.o) .dtors)
                0x00029a36                        PROVIDE (__fini_array_end = .)

.ctors
 *crtbegin.o(.ctors)
 *crtbegin?.o(.ctors)
 *(EXCLUDE_FILE(*crtend?.o *crtend.o) .ctors)
 *(SORT_BY_NAME(.ctors.*))
 *(.ctors)

.dtors
 *crtbegin.o(.dtors)
 *crtbegin?.o(.dtors)
 *(EXCLUDE_FILE(*crtend?.o *crtend.o) .dtors)
 *(SORT_BY_NAME(.dtors.*))
 *(.dtors)

.jcr
 *(.jcr)

.data.rel.ro
 *(.data.rel.ro.local* .gnu.linkonce.d.rel.ro.local.*)
 *(.data.rel.ro .data.rel.ro.* .gnu.linkonce.d.rel.ro.*)

.dynamic
 *(.dynamic)
                0x00029a36                        . = DATA_SEGMENT_RELRO_END (., 0x0)

.got
 *(.got.plt)
 *(.igot.plt)
 *(.got)
 *(.igot)

.data           0x00029a38       0x4c
 *(.data .data.* .gnu.linkonce.d.*)
 .data.g_GameState
                0x00029a38        0x2 C:\Users\esquerra\AppData\Local\Temp\ccsFSdI6.ltrans0.ltrans.o
 *fill*         0x00029a3a        0x2 
 .data.g_Palette
                0x00029a3c       0x40 C:\Users\esquerra\AppData\Local\Temp\ccsFSdI6.ltrans0.ltrans.o
 .data.g_SpawnTimer
                0x00029a7c        0x2 C:\Users\esquerra\AppData\Local\Temp\ccsFSdI6.ltrans0.ltrans.o
 .data.g_NextLifeAt
                0x00029a7e        0x2 C:\Users\esquerra\AppData\Local\Temp\ccsFSdI6.ltrans0.ltrans.o
 .data.g_Level  0x00029a80        0x2 C:\Users\esquerra\AppData\Local\Temp\ccsFSdI6.ltrans0.ltrans.o
 .data.g_Lives  0x00029a82        0x2 C:\Users\esquerra\AppData\Local\Temp\ccsFSdI6.ltrans0.ltrans.o

.data1
 *(.data1)
                0x00029a84                        _edata = .
                [!provide]                        PROVIDE (edata = .)
                0x00029a84                        . = ALIGN (ALIGNOF (NEXT_SECTION))
                0x00029a84                        __bss_start = .

.bss            0x00029a84      0x264
 *(.dynbss)
 *(.bss .bss.* .gnu.linkonce.b.*)
 .bss.ActiView  0x00029a84        0x4 C:\Users\esquerra\AppData\Local\Temp\ccsFSdI6.ltrans0.ltrans.o
 .bss.SystemADKCON
                0x00029a88        0x2 C:\Users\esquerra\AppData\Local\Temp\ccsFSdI6.ltrans0.ltrans.o
 .bss.SystemDMA
                0x00029a8a        0x2 C:\Users\esquerra\AppData\Local\Temp\ccsFSdI6.ltrans0.ltrans.o
 .bss.SystemInts
                0x00029a8c        0x2 C:\Users\esquerra\AppData\Local\Temp\ccsFSdI6.ltrans0.ltrans.o
 .bss.SystemIrq
                0x00029a8e        0x4 C:\Users\esquerra\AppData\Local\Temp\ccsFSdI6.ltrans0.ltrans.o
 .bss.g_WaveTotal
                0x00029a92        0x2 C:\Users\esquerra\AppData\Local\Temp\ccsFSdI6.ltrans0.ltrans.o
 .bss.g_ForceFieldSweepDir
                0x00029a94        0x2 C:\Users\esquerra\AppData\Local\Temp\ccsFSdI6.ltrans0.ltrans.o
 .bss.g_ForceFieldTransition
                0x00029a96        0x2 C:\Users\esquerra\AppData\Local\Temp\ccsFSdI6.ltrans0.ltrans.o
 .bss.VBR       0x00029a98        0x4 C:\Users\esquerra\AppData\Local\Temp\ccsFSdI6.ltrans0.ltrans.o
 .bss.DOSBase   0x00029a9c        0x4 C:\Users\esquerra\AppData\Local\Temp\ccsFSdI6.ltrans0.ltrans.o
 .bss.GfxBase   0x00029aa0        0x4 C:\Users\esquerra\AppData\Local\Temp\ccsFSdI6.ltrans0.ltrans.o
 .bss.SysBase   0x00029aa4        0x4 C:\Users\esquerra\AppData\Local\Temp\ccsFSdI6.ltrans0.ltrans.o
 .bss.g_PendingCop
                0x00029aa8        0x4 C:\Users\esquerra\AppData\Local\Temp\ccsFSdI6.ltrans0.ltrans.o
 .bss.custom    0x00029aac        0x4 C:\Users\esquerra\AppData\Local\Temp\ccsFSdI6.ltrans0.ltrans.o
 .bss.g_Stars3  0x00029ab0       0x38 C:\Users\esquerra\AppData\Local\Temp\ccsFSdI6.ltrans0.ltrans.o
 .bss.g_Stars2  0x00029ae8       0x30 C:\Users\esquerra\AppData\Local\Temp\ccsFSdI6.ltrans0.ltrans.o
 .bss.g_Stars1  0x00029b18       0x28 C:\Users\esquerra\AppData\Local\Temp\ccsFSdI6.ltrans0.ltrans.o
 .bss.g_FireHoldFrames
                0x00029b40        0x2 C:\Users\esquerra\AppData\Local\Temp\ccsFSdI6.ltrans0.ltrans.o
 .bss.g_ShipPolarity
                0x00029b42        0x2 C:\Users\esquerra\AppData\Local\Temp\ccsFSdI6.ltrans0.ltrans.o
 .bss.g_FireCooldown
                0x00029b44        0x2 C:\Users\esquerra\AppData\Local\Temp\ccsFSdI6.ltrans0.ltrans.o
 *fill*         0x00029b46        0x2 
 .bss.g_Shots   0x00029b48       0x20 C:\Users\esquerra\AppData\Local\Temp\ccsFSdI6.ltrans0.ltrans.o
                0x00029b48                g_Shots
 .bss.g_ShipExplTimer
                0x00029b68        0x2 C:\Users\esquerra\AppData\Local\Temp\ccsFSdI6.ltrans0.ltrans.o
 .bss.g_ShipExploding
                0x00029b6a        0x2 C:\Users\esquerra\AppData\Local\Temp\ccsFSdI6.ltrans0.ltrans.o
 .bss.g_ShipY   0x00029b6c        0x2 C:\Users\esquerra\AppData\Local\Temp\ccsFSdI6.ltrans0.ltrans.o
 .bss.g_ShipX   0x00029b6e        0x2 C:\Users\esquerra\AppData\Local\Temp\ccsFSdI6.ltrans0.ltrans.o
 .bss.g_WaveKilled
                0x00029b70        0x2 C:\Users\esquerra\AppData\Local\Temp\ccsFSdI6.ltrans0.ltrans.o
                0x00029b70                g_WaveKilled
 .bss.g_WaveSpawned
                0x00029b72        0x2 C:\Users\esquerra\AppData\Local\Temp\ccsFSdI6.ltrans0.ltrans.o
 .bss.g_WaveActive
                0x00029b74        0x2 C:\Users\esquerra\AppData\Local\Temp\ccsFSdI6.ltrans0.ltrans.o
 .bss.g_Explosions
                0x00029b76       0x3c C:\Users\esquerra\AppData\Local\Temp\ccsFSdI6.ltrans0.ltrans.o
                0x00029b76                g_Explosions
 *fill*         0x00029bb2        0x2 
 .bss.g_EnemyShots
                0x00029bb4       0x90 C:\Users\esquerra\AppData\Local\Temp\ccsFSdI6.ltrans0.ltrans.o
                0x00029bb4                g_EnemyShots
 .bss.g_Enemies
                0x00029c44       0x9c C:\Users\esquerra\AppData\Local\Temp\ccsFSdI6.ltrans0.ltrans.o
                0x00029c44                g_Enemies
 .bss.g_BorderScrollY
                0x00029ce0        0x2 C:\Users\esquerra\AppData\Local\Temp\ccsFSdI6.ltrans0.ltrans.o
 .bss.g_BGScrollY
                0x00029ce2        0x2 C:\Users\esquerra\AppData\Local\Temp\ccsFSdI6.ltrans0.ltrans.o
 .bss.g_Score   0x00029ce4        0x2 C:\Users\esquerra\AppData\Local\Temp\ccsFSdI6.ltrans0.ltrans.o
 .bss.g_FrameCounter
                0x00029ce6        0x2 C:\Users\esquerra\AppData\Local\Temp\ccsFSdI6.ltrans0.ltrans.o
                0x00029ce6                g_FrameCounter
 *(COMMON)
                0x00029ce8                        . = ALIGN ((. != 0x0)?0x4:0x1)
                0x00029ce8                        . = ALIGN (0x4)
                0x00029ce8                        . = SEGMENT_START ("ldata-segment", .)
                0x00029ce8                        . = ALIGN (0x4)
                0x00029ce8                        _end = .
                [!provide]                        PROVIDE (end = .)
                0x00029ce8                        . = DATA_SEGMENT_END (.)

.stab
 *(.stab)

.stabstr
 *(.stabstr)

.stab.excl
 *(.stab.excl)

.stab.exclstr
 *(.stab.exclstr)

.stab.index
 *(.stab.index)

.stab.indexstr
 *(.stab.indexstr)

.comment        0x00000000       0x12
 *(.comment)
 .comment       0x00000000       0x12 C:\Users\esquerra\AppData\Local\Temp\ccsFSdI6.ltrans0.ltrans.o
                                 0x13 (size before relaxing)

.gnu.build.attributes
 *(.gnu.build.attributes .gnu.build.attributes.*)

.debug
 *(.debug)

.line
 *(.line)

.debug_srcinfo
 *(.debug_srcinfo)

.debug_sfnames
 *(.debug_sfnames)

.debug_aranges  0x00000000      0x128
 *(.debug_aranges)
 .debug_aranges
                0x00000000       0x98 C:\Users\esquerra\AppData\Local\Temp\ccsFSdI6.ltrans0.ltrans.o
 .debug_aranges
                0x00000098       0x50 obj/gcc8_a_support.o
 .debug_aranges
                0x000000e8       0x20 obj/blitter.o
 .debug_aranges
                0x00000108       0x20 obj/entities.o

.debug_pubnames
 *(.debug_pubnames)

.debug_info     0x00000000     0xb346
 *(.debug_info .gnu.linkonce.wi.*)
 .debug_info    0x00000000     0x3708 C:\Users\esquerra\AppData\Local\Temp\ccsFSdI6.ltrans0.ltrans.o
 .debug_info    0x00003708     0x6e69 C:\Users\esquerra\AppData\Local\Temp\ccmIlKJ3.debug.temp.o
                0x00003708                main.c.54aa7db3
 .debug_info    0x0000a571      0xd04 C:\Users\esquerra\AppData\Local\Temp\ccotydi4.debug.temp.o
                0x0000a571                gcc8_c_support.c.cc40aec8
 .debug_info    0x0000b275       0x85 obj/gcc8_a_support.o
 .debug_info    0x0000b2fa       0x26 obj/blitter.o
 .debug_info    0x0000b320       0x26 obj/entities.o

.debug_abbrev   0x00000000      0x8dc
 *(.debug_abbrev)
 .debug_abbrev  0x00000000      0x2bd C:\Users\esquerra\AppData\Local\Temp\ccsFSdI6.ltrans0.ltrans.o
 .debug_abbrev  0x000002bd      0x376 C:\Users\esquerra\AppData\Local\Temp\ccmIlKJ3.debug.temp.o
 .debug_abbrev  0x00000633      0x262 C:\Users\esquerra\AppData\Local\Temp\ccotydi4.debug.temp.o
 .debug_abbrev  0x00000895       0x1f obj/gcc8_a_support.o
 .debug_abbrev  0x000008b4       0x14 obj/blitter.o
 .debug_abbrev  0x000008c8       0x14 obj/entities.o

.debug_line     0x00000000     0x8aa7
 *(.debug_line .debug_line.* .debug_line_end)
 .debug_line    0x00000000     0x7f50 C:\Users\esquerra\AppData\Local\Temp\ccsFSdI6.ltrans0.ltrans.o
 .debug_line    0x00007f50      0x576 C:\Users\esquerra\AppData\Local\Temp\ccmIlKJ3.debug.temp.o
 .debug_line    0x000084c6      0x1ad C:\Users\esquerra\AppData\Local\Temp\ccotydi4.debug.temp.o
 .debug_line    0x00008673      0x11b obj/gcc8_a_support.o
 .debug_line    0x0000878e      0x278 obj/blitter.o
 .debug_line    0x00008a06       0xa1 obj/entities.o

.debug_frame    0x00000000      0xe48
 *(.debug_frame)
 .debug_frame   0x00000000      0xd7c C:\Users\esquerra\AppData\Local\Temp\ccsFSdI6.ltrans0.ltrans.o
 .debug_frame   0x00000d7c       0xcc obj/gcc8_a_support.o

.debug_str      0x00000000      0x338
 *(.debug_str)
 .debug_str     0x00000000        0x9 C:\Users\esquerra\AppData\Local\Temp\ccsFSdI6.ltrans0.ltrans.o
 .debug_str     0x00000009      0x1c3 C:\Users\esquerra\AppData\Local\Temp\ccmIlKJ3.debug.temp.o
 .debug_str     0x000001cc       0x8a C:\Users\esquerra\AppData\Local\Temp\ccotydi4.debug.temp.o
 .debug_str     0x00000256       0xe2 obj/gcc8_a_support.o
                                 0x9b (size before relaxing)
 .debug_str     0x00000338       0x4b obj/blitter.o
 .debug_str     0x00000338       0x4c obj/entities.o

.debug_loc
 *(.debug_loc)

.debug_macinfo
 *(.debug_macinfo)

.debug_weaknames
 *(.debug_weaknames)

.debug_funcnames
 *(.debug_funcnames)

.debug_typenames
 *(.debug_typenames)

.debug_varnames
 *(.debug_varnames)

.debug_pubtypes
 *(.debug_pubtypes)

.debug_ranges   0x00000000       0x48
 *(.debug_ranges)
 .debug_ranges  0x00000000       0x48 obj/gcc8_a_support.o

.debug_addr
 *(.debug_addr)

.debug_line_str
 *(.debug_line_str)

.debug_loclists
                0x00000000     0x6745
 *(.debug_loclists)
 .debug_loclists
                0x00000000     0x6745 C:\Users\esquerra\AppData\Local\Temp\ccsFSdI6.ltrans0.ltrans.o

.debug_macro
 *(.debug_macro)

.debug_names
 *(.debug_names)

.debug_rnglists
                0x00000000      0xeaf
 *(.debug_rnglists)
 .debug_rnglists
                0x00000000      0xeaf C:\Users\esquerra\AppData\Local\Temp\ccsFSdI6.ltrans0.ltrans.o

.debug_str_offsets
 *(.debug_str_offsets)

.debug_sup
 *(.debug_sup)

.gnu.attributes
 *(.gnu.attributes)

/DISCARD/
 *(.note.GNU-stack)
 *(.gnu_debuglink)
 *(.gnu.lto_*)
 *(.gnu_object_only)
OUTPUT(out/nau_dx.elf elf32-m68k)
