
Discarded input sections

 .text          0x00000000        0x0 C:\Users\esquerra\AppData\Local\Temp\ccjeiwck.ltrans0.ltrans.o
 .data          0x00000000        0x0 C:\Users\esquerra\AppData\Local\Temp\ccjeiwck.ltrans0.ltrans.o
 .bss           0x00000000        0x0 C:\Users\esquerra\AppData\Local\Temp\ccjeiwck.ltrans0.ltrans.o
 .text.strlen   0x00000000       0x1a C:\Users\esquerra\AppData\Local\Temp\ccjeiwck.ltrans0.ltrans.o
 .text.memset   0x00000000      0x196 C:\Users\esquerra\AppData\Local\Temp\ccjeiwck.ltrans0.ltrans.o
 .text.memcpy   0x00000000       0x90 C:\Users\esquerra\AppData\Local\Temp\ccjeiwck.ltrans0.ltrans.o
 .text.memmove  0x00000000       0xd4 C:\Users\esquerra\AppData\Local\Temp\ccjeiwck.ltrans0.ltrans.o
 .comment       0x00000000       0x13 C:\Users\esquerra\AppData\Local\Temp\ccD5WxAL.debug.temp.o
 .comment       0x00000000       0x13 C:\Users\esquerra\AppData\Local\Temp\ccIfPbj6.debug.temp.o
 .text          0x00000000        0x0 obj/gcc8_a_support.o
 .data          0x00000000        0x0 obj/gcc8_a_support.o
 .bss           0x00000000        0x0 obj/gcc8_a_support.o
 .text.__umodsi3
                0x00000000       0x2e obj/gcc8_a_support.o
 .data          0x00000000        0x0 obj/blitter.o
 .bss           0x00000000        0x0 obj/blitter.o

Memory Configuration

Name             Origin             Length             Attributes
*default*        0x00000000         0xffffffff

Linker script and memory map

Address of section .text set to 0x0
LOAD C:\Users\esquerra\AppData\Local\Temp\ccjeiwck.ltrans0.ltrans.o
LOAD C:\Users\esquerra\AppData\Local\Temp\ccD5WxAL.debug.temp.o
LOAD C:\Users\esquerra\AppData\Local\Temp\ccIfPbj6.debug.temp.o
LOAD obj/gcc8_a_support.o
LOAD obj/blitter.o
                [!provide]                        PROVIDE (__executable_start = SEGMENT_START ("text-segment", 0x80000000))
                0x80000074                        . = (SEGMENT_START ("text-segment", 0x80000000) + SIZEOF_HEADERS)

.note.gnu.build-id
 *(.note.gnu.build-id)

.interp
 *(.interp)

.hash
 *(.hash)

.gnu.hash
 *(.gnu.hash)

.dynsym
 *(.dynsym)

.dynstr
 *(.dynstr)

.gnu.version
 *(.gnu.version)

.gnu.version_d
 *(.gnu.version_d)

.gnu.version_r
 *(.gnu.version_r)

.rela.dyn       0x80000074        0x0
 *(.rela.init)
 *(.rela.text .rela.text.* .rela.gnu.linkonce.t.*)
 *(.rela.fini)
 *(.rela.rodata .rela.rodata.* .rela.gnu.linkonce.r.*)
 *(.rela.data .rela.data.* .rela.gnu.linkonce.d.*)
 *(.rela.tdata .rela.tdata.* .rela.gnu.linkonce.td.*)
 *(.rela.tbss .rela.tbss.* .rela.gnu.linkonce.tb.*)
 *(.rela.ctors)
 *(.rela.dtors)
 *(.rela.got)
 *(.rela.bss .rela.bss.* .rela.gnu.linkonce.b.*)
                [!provide]                        PROVIDE (__rela_iplt_start = .)
 *(.rela.iplt)
                [!provide]                        PROVIDE (__rela_iplt_end = .)

.rela.plt
 *(.rela.plt)

.init
 *(SORT_NONE(.init))

.plt
 *(.plt)

.iplt
 *(.iplt)

.text           0x00000000     0x4074
 *(.text.unlikely .text.*_unlikely .text.unlikely.*)
 .text.unlikely
                0x00000000       0x84 C:\Users\esquerra\AppData\Local\Temp\ccjeiwck.ltrans0.ltrans.o
                0x00000000                _start
 *(.text.exit .text.exit.*)
 *(.text.startup .text.startup.*)
 .text.startup.main
                0x00000084     0x2802 C:\Users\esquerra\AppData\Local\Temp\ccjeiwck.ltrans0.ltrans.o
                0x00000084                main
 *(.text.hot .text.hot.*)
 *(SORT_BY_NAME(.text.sorted.*))
 *(.text .stub .text.* .gnu.linkonce.t.*)
 .text.SupervisorGetVBR
                0x00002886        0x6 C:\Users\esquerra\AppData\Local\Temp\ccjeiwck.ltrans0.ltrans.o
 .text.WaitVbl  0x0000288c       0xc2 C:\Users\esquerra\AppData\Local\Temp\ccjeiwck.ltrans0.ltrans.o
 .text.ParallaxInitWalls
                0x0000294e       0x4c C:\Users\esquerra\AppData\Local\Temp\ccjeiwck.ltrans0.ltrans.o
 .text.ResetGameSession
                0x0000299a      0x26c C:\Users\esquerra\AppData\Local\Temp\ccjeiwck.ltrans0.ltrans.o
 .text.SpawnBoss.isra.0
                0x00002c06      0x23c C:\Users\esquerra\AppData\Local\Temp\ccjeiwck.ltrans0.ltrans.o
 .text.VBlankHandler
                0x00002e42       0x3c C:\Users\esquerra\AppData\Local\Temp\ccjeiwck.ltrans0.ltrans.o
 .text.BuildCopperList.isra.0
                0x00002e7e      0x1e0 C:\Users\esquerra\AppData\Local\Temp\ccjeiwck.ltrans0.ltrans.o
 .text.DrawBob16.part.0
                0x0000305e      0x6ae C:\Users\esquerra\AppData\Local\Temp\ccjeiwck.ltrans0.ltrans.o
 .text.DrawBob32.part.0.constprop.0
                0x0000370c      0x494 C:\Users\esquerra\AppData\Local\Temp\ccjeiwck.ltrans0.ltrans.o
 .text.KPrintF  0x00003ba0       0x72 C:\Users\esquerra\AppData\Local\Temp\ccjeiwck.ltrans0.ltrans.o
 .text.__mulsi3
                0x00003c12       0x22 obj/gcc8_a_support.o
                0x00003c12                __mulsi3
 .text.__udivsi3
                0x00003c34       0x5c obj/gcc8_a_support.o
                0x00003c34                __udivsi3
 .text.__divsi3
                0x00003c90       0x2e obj/gcc8_a_support.o
                0x00003c90                __divsi3
 .text.__modsi3
                0x00003cbe       0x2e obj/gcc8_a_support.o
                0x00003cbe                __modsi3
 .text.KPutCharX
                0x00003cec        0xe obj/gcc8_a_support.o
                0x00003cec                KPutCharX
 .text.PutChar  0x00003cfa        0x4 obj/gcc8_a_support.o
                0x00003cfa                PutChar
 *fill*         0x00003cfe        0x2 4e714e71
 .text          0x00003d00      0x374 obj/blitter.o
                0x00003d00                WaitBlitter
                0x00003d1a                BlitterClear
                0x00003d9e                BlitterClearArea
                0x00003e08                ClearGameAreaAsm
                0x00003e4a                ParallaxDrawAsm
                0x00003f32                ClearAndParallaxAsm
 *(.gnu.warning)

.fini
 *(SORT_NONE(.fini))
                [!provide]                        PROVIDE (__etext = .)
                [!provide]                        PROVIDE (_etext = .)
                [!provide]                        PROVIDE (etext = .)

.rodata         0x00004074      0x68e
 *(.rodata .rodata.* .gnu.linkonce.r.*)
 .rodata        0x00004074       0x61 C:\Users\esquerra\AppData\Local\Temp\ccjeiwck.ltrans0.ltrans.o
 *fill*         0x000040d5        0x1 
 .rodata.SHIP_W_PLANE3
                0x000040d6       0x60 C:\Users\esquerra\AppData\Local\Temp\ccjeiwck.ltrans0.ltrans.o
 .rodata.SHIP_W_PLANE2
                0x00004136       0x60 C:\Users\esquerra\AppData\Local\Temp\ccjeiwck.ltrans0.ltrans.o
 .rodata.SHIP_W_PLANE1
                0x00004196       0x60 C:\Users\esquerra\AppData\Local\Temp\ccjeiwck.ltrans0.ltrans.o
 .rodata.SHIP_W_PLANE0
                0x000041f6       0x60 C:\Users\esquerra\AppData\Local\Temp\ccjeiwck.ltrans0.ltrans.o
 .rodata.g_Exp3Mask
                0x00004256       0x20 C:\Users\esquerra\AppData\Local\Temp\ccjeiwck.ltrans0.ltrans.o
 .rodata.g_Exp2Mask
                0x00004276       0x20 C:\Users\esquerra\AppData\Local\Temp\ccjeiwck.ltrans0.ltrans.o
 .rodata.g_Exp1Mask
                0x00004296       0x20 C:\Users\esquerra\AppData\Local\Temp\ccjeiwck.ltrans0.ltrans.o
 .rodata.g_Exp0Mask
                0x000042b6       0x20 C:\Users\esquerra\AppData\Local\Temp\ccjeiwck.ltrans0.ltrans.o
 .rodata.g_Exp3Data
                0x000042d6       0x20 C:\Users\esquerra\AppData\Local\Temp\ccjeiwck.ltrans0.ltrans.o
 .rodata.g_Exp2Data
                0x000042f6       0x20 C:\Users\esquerra\AppData\Local\Temp\ccjeiwck.ltrans0.ltrans.o
 .rodata.g_Exp1Data
                0x00004316       0x20 C:\Users\esquerra\AppData\Local\Temp\ccjeiwck.ltrans0.ltrans.o
 .rodata.g_Exp0Data
                0x00004336       0x20 C:\Users\esquerra\AppData\Local\Temp\ccjeiwck.ltrans0.ltrans.o
 .rodata.g_EnemyBomberMask
                0x00004356       0x18 C:\Users\esquerra\AppData\Local\Temp\ccjeiwck.ltrans0.ltrans.o
 .rodata.g_EnemyDiverMask
                0x0000436e       0x18 C:\Users\esquerra\AppData\Local\Temp\ccjeiwck.ltrans0.ltrans.o
 .rodata.g_EnemyHeavyMask
                0x00004386       0x18 C:\Users\esquerra\AppData\Local\Temp\ccjeiwck.ltrans0.ltrans.o
 .rodata.g_EnemyFastMask
                0x0000439e       0x18 C:\Users\esquerra\AppData\Local\Temp\ccjeiwck.ltrans0.ltrans.o
 .rodata.g_EnemyBasicMask
                0x000043b6       0x18 C:\Users\esquerra\AppData\Local\Temp\ccjeiwck.ltrans0.ltrans.o
 .rodata.g_EnemyBomberData
                0x000043ce       0x18 C:\Users\esquerra\AppData\Local\Temp\ccjeiwck.ltrans0.ltrans.o
 .rodata.g_EnemyDiverData
                0x000043e6       0x18 C:\Users\esquerra\AppData\Local\Temp\ccjeiwck.ltrans0.ltrans.o
 .rodata.g_EnemyHeavyData
                0x000043fe       0x18 C:\Users\esquerra\AppData\Local\Temp\ccjeiwck.ltrans0.ltrans.o
 .rodata.g_EnemyFastData
                0x00004416       0x18 C:\Users\esquerra\AppData\Local\Temp\ccjeiwck.ltrans0.ltrans.o
 .rodata.g_EnemyBasicData
                0x0000442e       0x18 C:\Users\esquerra\AppData\Local\Temp\ccjeiwck.ltrans0.ltrans.o
 .rodata.SHIP_W_MASK
                0x00004446       0x60 C:\Users\esquerra\AppData\Local\Temp\ccjeiwck.ltrans0.ltrans.o
 .rodata.g_ExpMasks
                0x000044a6       0x10 C:\Users\esquerra\AppData\Local\Temp\ccjeiwck.ltrans0.ltrans.o
 .rodata.g_ExpData
                0x000044b6       0x10 C:\Users\esquerra\AppData\Local\Temp\ccjeiwck.ltrans0.ltrans.o
 .rodata.g_EShotData
                0x000044c6       0x10 C:\Users\esquerra\AppData\Local\Temp\ccjeiwck.ltrans0.ltrans.o
 .rodata.g_EShotMask
                0x000044d6       0x10 C:\Users\esquerra\AppData\Local\Temp\ccjeiwck.ltrans0.ltrans.o
 .rodata.g_ShotData
                0x000044e6       0x10 C:\Users\esquerra\AppData\Local\Temp\ccjeiwck.ltrans0.ltrans.o
 .rodata.g_ShotMask
                0x000044f6       0x10 C:\Users\esquerra\AppData\Local\Temp\ccjeiwck.ltrans0.ltrans.o
 .rodata.g_EnemyMasks
                0x00004506       0x14 C:\Users\esquerra\AppData\Local\Temp\ccjeiwck.ltrans0.ltrans.o
 .rodata.g_EnemyDatas
                0x0000451a       0x14 C:\Users\esquerra\AppData\Local\Temp\ccjeiwck.ltrans0.ltrans.o
 .rodata.g_EnemyColor
                0x0000452e        0x5 C:\Users\esquerra\AppData\Local\Temp\ccjeiwck.ltrans0.ltrans.o
 *fill*         0x00004533        0x1 
 .rodata.g_EnemyRows
                0x00004534        0xa C:\Users\esquerra\AppData\Local\Temp\ccjeiwck.ltrans0.ltrans.o
 .rodata.g_BossRedData
                0x0000453e       0x60 C:\Users\esquerra\AppData\Local\Temp\ccjeiwck.ltrans0.ltrans.o
 .rodata.g_BossWhiteData
                0x0000459e       0x60 C:\Users\esquerra\AppData\Local\Temp\ccjeiwck.ltrans0.ltrans.o
 .rodata.g_BossMask
                0x000045fe       0x60 C:\Users\esquerra\AppData\Local\Temp\ccjeiwck.ltrans0.ltrans.o
 .rodata.g_Levels
                0x0000465e       0x64 C:\Users\esquerra\AppData\Local\Temp\ccjeiwck.ltrans0.ltrans.o
 .rodata.g_Palette
                0x000046c2       0x40 C:\Users\esquerra\AppData\Local\Temp\ccjeiwck.ltrans0.ltrans.o

.rodata1
 *(.rodata1)

.eh_frame_hdr
 *(.eh_frame_hdr)
 *(.eh_frame_entry .eh_frame_entry.*)

.eh_frame
 *(.eh_frame)
 *(.eh_frame.*)

.sframe
 *(.sframe)
 *(.sframe.*)

.gcc_except_table
 *(.gcc_except_table .gcc_except_table.*)

.gnu_extab
 *(.gnu_extab*)

.exception_ranges
 *(.exception_ranges*)

.note.build-id
 *(.note.build-id)

.note.GNU-stack
 *(.note.GNU-stack)

.note.gnu-property
 *(.note.gnu-property)

.note.ABI-tag
 *(.note.ABI-tag)

.note.package
 *(.note.package)

.note.dlopen
 *(.note.dlopen)

.note.netbsd.ident
 *(.note.netbsd.ident)

.note.openbsd.ident
 *(.note.openbsd.ident)
                0x00006702                        . = DATA_SEGMENT_ALIGN (CONSTANT (MAXPAGESIZE), CONSTANT (COMMONPAGESIZE))

.eh_frame
 *(.eh_frame)
 *(.eh_frame.*)

.sframe
 *(.sframe)
 *(.sframe.*)

.gnu_extab
 *(.gnu_extab)

.gcc_except_table
 *(.gcc_except_table .gcc_except_table.*)

.exception_ranges
 *(.exception_ranges*)

.tdata          0x00006702        0x0
                [!provide]                        PROVIDE (__tdata_start = .)
 *(.tdata .tdata.* .gnu.linkonce.td.*)

.tbss
 *(.tbss .tbss.* .gnu.linkonce.tb.*)
 *(.tcommon)

.preinit_array  0x00006702        0x0
                0x00006702                        PROVIDE (__preinit_array_start = .)
 *(.preinit_array)
                0x00006702                        PROVIDE (__preinit_array_end = .)

.init_array     0x00006702        0x0
                0x00006702                        PROVIDE (__init_array_start = .)
 *(SORT_BY_INIT_PRIORITY(.init_array.*) SORT_BY_INIT_PRIORITY(.ctors.*))
 *(.init_array EXCLUDE_FILE(*crtend?.o *crtend.o *crtbegin?.o *crtbegin.o) .ctors)
                0x00006702                        PROVIDE (__init_array_end = .)

.fini_array     0x00006702        0x0
                0x00006702                        PROVIDE (__fini_array_start = .)
 *(SORT_BY_INIT_PRIORITY(.fini_array.*) SORT_BY_INIT_PRIORITY(.dtors.*))
 *(.fini_array EXCLUDE_FILE(*crtend?.o *crtend.o *crtbegin?.o *crtbegin.o) .dtors)
                0x00006702                        PROVIDE (__fini_array_end = .)

.ctors
 *crtbegin.o(.ctors)
 *crtbegin?.o(.ctors)
 *(EXCLUDE_FILE(*crtend?.o *crtend.o) .ctors)
 *(SORT_BY_NAME(.ctors.*))
 *(.ctors)

.dtors
 *crtbegin.o(.dtors)
 *crtbegin?.o(.dtors)
 *(EXCLUDE_FILE(*crtend?.o *crtend.o) .dtors)
 *(SORT_BY_NAME(.dtors.*))
 *(.dtors)

.jcr
 *(.jcr)

.data.rel.ro
 *(.data.rel.ro.local* .gnu.linkonce.d.rel.ro.local.*)
 *(.data.rel.ro .data.rel.ro.* .gnu.linkonce.d.rel.ro.*)

.dynamic
 *(.dynamic)
                0x00006702                        . = DATA_SEGMENT_RELRO_END (., 0x0)

.got
 *(.got.plt)
 *(.igot.plt)
 *(.got)
 *(.igot)

.data           0x00006702        0xa
 *(.data .data.* .gnu.linkonce.d.*)
 .data.g_GameState
                0x00006702        0x2 C:\Users\esquerra\AppData\Local\Temp\ccjeiwck.ltrans0.ltrans.o
 .data.g_SpawnTimer
                0x00006704        0x2 C:\Users\esquerra\AppData\Local\Temp\ccjeiwck.ltrans0.ltrans.o
 .data.g_NextLifeAt
                0x00006706        0x2 C:\Users\esquerra\AppData\Local\Temp\ccjeiwck.ltrans0.ltrans.o
 .data.g_Level  0x00006708        0x2 C:\Users\esquerra\AppData\Local\Temp\ccjeiwck.ltrans0.ltrans.o
 .data.g_Lives  0x0000670a        0x2 C:\Users\esquerra\AppData\Local\Temp\ccjeiwck.ltrans0.ltrans.o

.data1
 *(.data1)
                0x0000670c                        _edata = .
                [!provide]                        PROVIDE (edata = .)
                0x0000670c                        . = ALIGN (ALIGNOF (NEXT_SECTION))
                0x0000670c                        __bss_start = .

.bss            0x0000670c      0x334
 *(.dynbss)
 *(.bss .bss.* .gnu.linkonce.b.*)
 .bss.g_TileDeco
                0x0000670c       0x80 C:\Users\esquerra\AppData\Local\Temp\ccjeiwck.ltrans0.ltrans.o
 .bss.g_TileSolid
                0x0000678c       0x80 C:\Users\esquerra\AppData\Local\Temp\ccjeiwck.ltrans0.ltrans.o
 .bss.ActiView  0x0000680c        0x4 C:\Users\esquerra\AppData\Local\Temp\ccjeiwck.ltrans0.ltrans.o
 .bss.SystemADKCON
                0x00006810        0x2 C:\Users\esquerra\AppData\Local\Temp\ccjeiwck.ltrans0.ltrans.o
 .bss.SystemDMA
                0x00006812        0x2 C:\Users\esquerra\AppData\Local\Temp\ccjeiwck.ltrans0.ltrans.o
 .bss.SystemInts
                0x00006814        0x2 C:\Users\esquerra\AppData\Local\Temp\ccjeiwck.ltrans0.ltrans.o
 .bss.SystemIrq
                0x00006816        0x4 C:\Users\esquerra\AppData\Local\Temp\ccjeiwck.ltrans0.ltrans.o
 .bss.g_WaveTotal
                0x0000681a        0x2 C:\Users\esquerra\AppData\Local\Temp\ccjeiwck.ltrans0.ltrans.o
 .bss.g_ParScroll
                0x0000681c        0x8 C:\Users\esquerra\AppData\Local\Temp\ccjeiwck.ltrans0.ltrans.o
 .bss.VBR       0x00006824        0x4 C:\Users\esquerra\AppData\Local\Temp\ccjeiwck.ltrans0.ltrans.o
 .bss.DOSBase   0x00006828        0x4 C:\Users\esquerra\AppData\Local\Temp\ccjeiwck.ltrans0.ltrans.o
 .bss.GfxBase   0x0000682c        0x4 C:\Users\esquerra\AppData\Local\Temp\ccjeiwck.ltrans0.ltrans.o
 .bss.SysBase   0x00006830        0x4 C:\Users\esquerra\AppData\Local\Temp\ccjeiwck.ltrans0.ltrans.o
 .bss.g_FrameCounter
                0x00006834        0x2 C:\Users\esquerra\AppData\Local\Temp\ccjeiwck.ltrans0.ltrans.o
 .bss.g_PendingCop
                0x00006836        0x4 C:\Users\esquerra\AppData\Local\Temp\ccjeiwck.ltrans0.ltrans.o
 .bss.custom    0x0000683a        0x4 C:\Users\esquerra\AppData\Local\Temp\ccjeiwck.ltrans0.ltrans.o
 *fill*         0x0000683e        0x2 
 .bss.g_Stars3  0x00006840       0x38 C:\Users\esquerra\AppData\Local\Temp\ccjeiwck.ltrans0.ltrans.o
 .bss.g_Stars2  0x00006878       0x30 C:\Users\esquerra\AppData\Local\Temp\ccjeiwck.ltrans0.ltrans.o
 .bss.g_Stars1  0x000068a8       0x28 C:\Users\esquerra\AppData\Local\Temp\ccjeiwck.ltrans0.ltrans.o
 .bss.g_FireCooldown
                0x000068d0        0x2 C:\Users\esquerra\AppData\Local\Temp\ccjeiwck.ltrans0.ltrans.o
 .bss.g_Shots   0x000068d2       0x18 C:\Users\esquerra\AppData\Local\Temp\ccjeiwck.ltrans0.ltrans.o
 .bss.g_ShipExplTimer
                0x000068ea        0x2 C:\Users\esquerra\AppData\Local\Temp\ccjeiwck.ltrans0.ltrans.o
 .bss.g_ShipExploding
                0x000068ec        0x2 C:\Users\esquerra\AppData\Local\Temp\ccjeiwck.ltrans0.ltrans.o
 .bss.g_ShipY   0x000068ee        0x2 C:\Users\esquerra\AppData\Local\Temp\ccjeiwck.ltrans0.ltrans.o
 .bss.g_ShipX   0x000068f0        0x2 C:\Users\esquerra\AppData\Local\Temp\ccjeiwck.ltrans0.ltrans.o
 .bss.g_WaveKilled
                0x000068f2        0x2 C:\Users\esquerra\AppData\Local\Temp\ccjeiwck.ltrans0.ltrans.o
 .bss.g_WaveSpawned
                0x000068f4        0x2 C:\Users\esquerra\AppData\Local\Temp\ccjeiwck.ltrans0.ltrans.o
 .bss.g_WaveActive
                0x000068f6        0x2 C:\Users\esquerra\AppData\Local\Temp\ccjeiwck.ltrans0.ltrans.o
 .bss.g_Explosions
                0x000068f8       0x3c C:\Users\esquerra\AppData\Local\Temp\ccjeiwck.ltrans0.ltrans.o
 .bss.g_EnemyShots
                0x00006934       0x78 C:\Users\esquerra\AppData\Local\Temp\ccjeiwck.ltrans0.ltrans.o
 .bss.g_Enemies
                0x000069ac       0x90 C:\Users\esquerra\AppData\Local\Temp\ccjeiwck.ltrans0.ltrans.o
 .bss.g_Score   0x00006a3c        0x2 C:\Users\esquerra\AppData\Local\Temp\ccjeiwck.ltrans0.ltrans.o
 *(COMMON)
                0x00006a40                        . = ALIGN ((. != 0x0)?0x4:0x1)
 *fill*         0x00006a3e        0x2 
                0x00006a40                        . = ALIGN (0x4)
                0x00006a40                        . = SEGMENT_START ("ldata-segment", .)
                0x00006a40                        . = ALIGN (0x4)
                0x00006a40                        _end = .
                [!provide]                        PROVIDE (end = .)
                0x00006a40                        . = DATA_SEGMENT_END (.)

.stab
 *(.stab)

.stabstr
 *(.stabstr)

.stab.excl
 *(.stab.excl)

.stab.exclstr
 *(.stab.exclstr)

.stab.index
 *(.stab.index)

.stab.indexstr
 *(.stab.indexstr)

.comment        0x00000000       0x12
 *(.comment)
 .comment       0x00000000       0x12 C:\Users\esquerra\AppData\Local\Temp\ccjeiwck.ltrans0.ltrans.o
                                 0x13 (size before relaxing)

.gnu.build.attributes
 *(.gnu.build.attributes .gnu.build.attributes.*)

.debug
 *(.debug)

.line
 *(.line)

.debug_srcinfo
 *(.debug_srcinfo)

.debug_sfnames
 *(.debug_sfnames)

.debug_aranges  0x00000000      0x108
 *(.debug_aranges)
 .debug_aranges
                0x00000000       0x98 C:\Users\esquerra\AppData\Local\Temp\ccjeiwck.ltrans0.ltrans.o
 .debug_aranges
                0x00000098       0x50 obj/gcc8_a_support.o
 .debug_aranges
                0x000000e8       0x20 obj/blitter.o

.debug_pubnames
 *(.debug_pubnames)

.debug_info     0x00000000     0x998a
 *(.debug_info .gnu.linkonce.wi.*)
 .debug_info    0x00000000     0x2e22 C:\Users\esquerra\AppData\Local\Temp\ccjeiwck.ltrans0.ltrans.o
 .debug_info    0x00002e22     0x5db9 C:\Users\esquerra\AppData\Local\Temp\ccD5WxAL.debug.temp.o
                0x00002e22                main.c.369b0769
 .debug_info    0x00008bdb      0xd04 C:\Users\esquerra\AppData\Local\Temp\ccIfPbj6.debug.temp.o
                0x00008bdb                gcc8_c_support.c.52835f3b
 .debug_info    0x000098df       0x85 obj/gcc8_a_support.o
 .debug_info    0x00009964       0x26 obj/blitter.o

.debug_abbrev   0x00000000      0x866
 *(.debug_abbrev)
 .debug_abbrev  0x00000000      0x29f C:\Users\esquerra\AppData\Local\Temp\ccjeiwck.ltrans0.ltrans.o
 .debug_abbrev  0x0000029f      0x332 C:\Users\esquerra\AppData\Local\Temp\ccD5WxAL.debug.temp.o
 .debug_abbrev  0x000005d1      0x262 C:\Users\esquerra\AppData\Local\Temp\ccIfPbj6.debug.temp.o
 .debug_abbrev  0x00000833       0x1f obj/gcc8_a_support.o
 .debug_abbrev  0x00000852       0x14 obj/blitter.o

.debug_line     0x00000000     0x7ed1
 *(.debug_line .debug_line.* .debug_line_end)
 .debug_line    0x00000000     0x757b C:\Users\esquerra\AppData\Local\Temp\ccjeiwck.ltrans0.ltrans.o
 .debug_line    0x0000757b      0x536 C:\Users\esquerra\AppData\Local\Temp\ccD5WxAL.debug.temp.o
 .debug_line    0x00007ab1      0x1af C:\Users\esquerra\AppData\Local\Temp\ccIfPbj6.debug.temp.o
 .debug_line    0x00007c60      0x11b obj/gcc8_a_support.o
 .debug_line    0x00007d7b      0x156 obj/blitter.o

.debug_frame    0x00000000      0xa3c
 *(.debug_frame)
 .debug_frame   0x00000000      0x970 C:\Users\esquerra\AppData\Local\Temp\ccjeiwck.ltrans0.ltrans.o
 .debug_frame   0x00000970       0xcc obj/gcc8_a_support.o

.debug_str      0x00000000      0x2eb
 *(.debug_str)
 .debug_str     0x00000000        0x9 C:\Users\esquerra\AppData\Local\Temp\ccjeiwck.ltrans0.ltrans.o
 .debug_str     0x00000009      0x19a C:\Users\esquerra\AppData\Local\Temp\ccD5WxAL.debug.temp.o
 .debug_str     0x000001a3       0x8a C:\Users\esquerra\AppData\Local\Temp\ccIfPbj6.debug.temp.o
 .debug_str     0x0000022d       0xbe obj/gcc8_a_support.o
                                 0x9b (size before relaxing)
 .debug_str     0x000002eb       0x4b obj/blitter.o

.debug_loc
 *(.debug_loc)

.debug_macinfo
 *(.debug_macinfo)

.debug_weaknames
 *(.debug_weaknames)

.debug_funcnames
 *(.debug_funcnames)

.debug_typenames
 *(.debug_typenames)

.debug_varnames
 *(.debug_varnames)

.debug_pubtypes
 *(.debug_pubtypes)

.debug_ranges   0x00000000       0x48
 *(.debug_ranges)
 .debug_ranges  0x00000000       0x48 obj/gcc8_a_support.o

.debug_addr
 *(.debug_addr)

.debug_line_str
 *(.debug_line_str)

.debug_loclists
                0x00000000     0x5709
 *(.debug_loclists)
 .debug_loclists
                0x00000000     0x5709 C:\Users\esquerra\AppData\Local\Temp\ccjeiwck.ltrans0.ltrans.o

.debug_macro
 *(.debug_macro)

.debug_names
 *(.debug_names)

.debug_rnglists
                0x00000000      0xab1
 *(.debug_rnglists)
 .debug_rnglists
                0x00000000      0xab1 C:\Users\esquerra\AppData\Local\Temp\ccjeiwck.ltrans0.ltrans.o

.debug_str_offsets
 *(.debug_str_offsets)

.debug_sup
 *(.debug_sup)

.gnu.attributes
 *(.gnu.attributes)

/DISCARD/
 *(.note.GNU-stack)
 *(.gnu_debuglink)
 *(.gnu.lto_*)
 *(.gnu_object_only)
OUTPUT(out/nau_dx.elf elf32-m68k)
